Product: MDK-ARM Standard 5.10
Component: ARM Compiler 5.04 update 1 (build 49)
Tool: armlink [5040049]

==============================================================================

Section Cross References

    startup_stm32f10x_hd.o(STACK) refers (Special) to heapauxi.o(.text) for __use_two_region_memory
    startup_stm32f10x_hd.o(HEAP) refers (Special) to heapauxi.o(.text) for __use_two_region_memory
    startup_stm32f10x_hd.o(RESET) refers (Special) to heapauxi.o(.text) for __use_two_region_memory
    startup_stm32f10x_hd.o(RESET) refers to startup_stm32f10x_hd.o(.text) for Reset_Handler
    startup_stm32f10x_hd.o(RESET) refers to stm32f10x_it.o(.text) for NMI_Handler
    startup_stm32f10x_hd.o(.text) refers (Special) to heapauxi.o(.text) for __use_two_region_memory
    startup_stm32f10x_hd.o(.text) refers to startup_stm32f10x_hd.o(STACK) for __initial_sp
    startup_stm32f10x_hd.o(.text) refers to __main.o(!!!main) for __main
    startup_stm32f10x_hd.o(.text) refers to startup_stm32f10x_hd.o(HEAP) for Heap_Mem
    main.o(.text) refers to system_stm32f10x.o(.text) for SystemInit
    main.o(.text) refers to usart1.o(.text) for USART1_Config
    main.o(.text) refers to pid.o(.text) for param_load
    main.o(.text) refers to time.o(.text) for TIM3_Init
    stm32f10x_it.o(.text) refers to pid.o(.text) for PID
    stm32f10x_it.o(.text) refers to stm32f10x_usart.o(.text) for USART_SendData
    stm32f10x_it.o(.text) refers to fmul.o(x$fpl$fmul) for __aeabi_fmul
    stm32f10x_it.o(.text) refers to ffix.o(x$fpl$ffix) for __aeabi_f2iz
    stm32f10x_it.o(.text) refers to f2d.o(x$fpl$f2d) for __aeabi_f2d
    stm32f10x_it.o(.text) refers to dleqf.o(x$fpl$dleqf) for __aeabi_cdcmple
    stm32f10x_it.o(.text) refers to stm32f10x_it.o(.data) for tmp
    stm32f10x_it.o(.text) refers to pid.o(.data) for youmen
    stm32f10x_it.o(.text) refers to stm32f10x_it.o(.bss) for flow
    stm32f10x_it.o(.text) refers to faddsub_clz.o(x$fpl$fadd) for __aeabi_fadd
    stm32f10x_it.o(.text) refers to fdiv.o(x$fpl$fdiv) for __aeabi_fdiv
    stm32f10x_it.o(.text) refers to drleqf.o(x$fpl$drleqf) for __aeabi_cdrcmple
    stm32f10x_it.o(.text) refers to frleqf.o(x$fpl$frleqf) for __aeabi_cfrcmple
    stm32f10x_it.o(.text) refers to fleqf.o(x$fpl$fleqf) for __aeabi_cfcmple
    stm32f10x_it.o(.text) refers to main.o(.data) for flowx
    usart1.o(.text) refers to stm32f10x_rcc.o(.text) for RCC_APB2PeriphClockCmd
    usart1.o(.text) refers to stm32f10x_gpio.o(.text) for GPIO_Init
    usart1.o(.text) refers to stm32f10x_usart.o(.text) for USART_Init
    usart1.o(.text) refers to misc.o(.text) for NVIC_Init
    pid.o(.text) refers to faddsub_clz.o(x$fpl$fsub) for __aeabi_fsub
    pid.o(.text) refers to f2d.o(x$fpl$f2d) for __aeabi_f2d
    pid.o(.text) refers to drleqf.o(x$fpl$drleqf) for __aeabi_cdrcmple
    pid.o(.text) refers to dleqf.o(x$fpl$dleqf) for __aeabi_cdcmple
    pid.o(.text) refers to daddsub_clz.o(x$fpl$dsub) for __aeabi_dsub
    pid.o(.text) refers to d2f.o(x$fpl$d2f) for __aeabi_d2f
    pid.o(.text) refers to faddsub_clz.o(x$fpl$fadd) for __aeabi_fadd
    pid.o(.text) refers to frleqf.o(x$fpl$frleqf) for __aeabi_cfrcmple
    pid.o(.text) refers to fleqf.o(x$fpl$fleqf) for __aeabi_cfcmple
    pid.o(.text) refers to fmul.o(x$fpl$fmul) for __aeabi_fmul
    pid.o(.text) refers to ffixu.o(x$fpl$ffixu) for __aeabi_f2uiz
    pid.o(.text) refers to faddsub_clz.o(x$fpl$frsb) for __aeabi_frsub
    pid.o(.text) refers to pid.o(.bss) for high
    pid.o(.text) refers to pid.o(.data) for jishu
    pid.o(.text) refers to stm32f10x_it.o(.bss) for flow
    pid.o(.text) refers to stm32f10x_it.o(.data) for x_speed
    time.o(.text) refers to stm32f10x_rcc.o(.text) for RCC_APB1PeriphClockCmd
    time.o(.text) refers to stm32f10x_tim.o(.text) for TIM_DeInit
    time.o(.text) refers to misc.o(.text) for NVIC_PriorityGroupConfig
    stm32f10x_gpio.o(.text) refers to stm32f10x_rcc.o(.text) for RCC_APB2PeriphResetCmd
    stm32f10x_rcc.o(.text) refers to stm32f10x_rcc.o(.data) for APBAHBPrescTable
    stm32f10x_usart.o(.text) refers to stm32f10x_rcc.o(.text) for RCC_APB2PeriphResetCmd
    stm32f10x_tim.o(.text) refers to stm32f10x_rcc.o(.text) for RCC_APB2PeriphResetCmd
    __main.o(!!!main) refers to rtentry.o(.ARM.Collect$$rtentry$$00000000) for __rt_entry
    d2f.o(x$fpl$d2f) refers (Special) to usenofp.o(x$fpl$usenofp) for __I$use$fp
    d2f.o(x$fpl$d2f) refers to fretinf.o(x$fpl$fretinf) for __fpl_fretinf
    d2f.o(x$fpl$d2f) refers to dnaninf.o(x$fpl$dnaninf) for __fpl_dnaninf
    daddsub_clz.o(x$fpl$dadd) refers (Special) to usenofp.o(x$fpl$usenofp) for __I$use$fp
    daddsub_clz.o(x$fpl$dadd) refers to daddsub_clz.o(x$fpl$dsub) for _dsub1
    daddsub_clz.o(x$fpl$dadd) refers to dretinf.o(x$fpl$dretinf) for __fpl_dretinf
    daddsub_clz.o(x$fpl$dadd) refers to dnaninf.o(x$fpl$dnaninf) for __fpl_dnaninf
    daddsub_clz.o(x$fpl$drsb) refers (Special) to usenofp.o(x$fpl$usenofp) for __I$use$fp
[...]
    ffixu.o(x$fpl$ffixu) refers to fnaninf.o(x$fpl$fnaninf) for __fpl_fnaninf
    ffixu.o(x$fpl$ffixur) refers (Special) to usenofp.o(x$fpl$usenofp) for __I$use$fp
    ffixu.o(x$fpl$ffixur) refers to fnaninf.o(x$fpl$fnaninf) for __fpl_fnaninf
    fleqf.o(x$fpl$fleqf) refers (Special) to usenofp.o(x$fpl$usenofp) for __I$use$fp
    fleqf.o(x$fpl$fleqf) refers to fnaninf.o(x$fpl$fnaninf) for __fpl_fnaninf
    fleqf.o(x$fpl$fleqf) refers to fcmpi.o(x$fpl$fcmpinf) for __fpl_fcmp_Inf
    fmul.o(x$fpl$fmul) refers (Special) to usenofp.o(x$fpl$usenofp) for __I$use$fp
    fmul.o(x$fpl$fmul) refers to fretinf.o(x$fpl$fretinf) for __fpl_fretinf
    fmul.o(x$fpl$fmul) refers to fnaninf.o(x$fpl$fnaninf) for __fpl_fnaninf
    frleqf.o(x$fpl$frleqf) refers (Special) to usenofp.o(x$fpl$usenofp) for __I$use$fp
    frleqf.o(x$fpl$frleqf) refers to fleqf.o(x$fpl$fleqf) for __fpl_fcmple_InfNaN
    rtentry.o(.ARM.Collect$$rtentry$$00000000) refers (Special) to rtentry2.o(.ARM.Collect$$rtentry$$0000000A) for __rt_entry_li
    rtentry.o(.ARM.Collect$$rtentry$$00000000) refers (Special) to rtentry2.o(.ARM.Collect$$rtentry$$0000000D) for __rt_entry_main
    rtentry.o(.ARM.Collect$$rtentry$$00000000) refers (Special) to rtentry2.o(.ARM.Collect$$rtentry$$0000000C) for __rt_entry_postli_1
    rtentry.o(.ARM.Collect$$rtentry$$00000000) refers (Special) to rtentry2.o(.ARM.Collect$$rtentry$$00000009) for __rt_entry_postsh_1
    rtentry.o(.ARM.Collect$$rtentry$$00000000) refers (Special) to rtentry2.o(.ARM.Collect$$rtentry$$00000002) for __rt_entry_presh_1
    rtentry.o(.ARM.Collect$$rtentry$$00000000) refers (Special) to rtentry4.o(.ARM.Collect$$rtentry$$00000004) for __rt_entry_sh
    dcmpi.o(x$fpl$dcmpinf) refers (Special) to usenofp.o(x$fpl$usenofp) for __I$use$fp
    dnaninf.o(x$fpl$dnaninf) refers (Special) to usenofp.o(x$fpl$usenofp) for __I$use$fp
    dretinf.o(x$fpl$dretinf) refers (Special) to usenofp.o(x$fpl$usenofp) for __I$use$fp
    fcmpi.o(x$fpl$fcmpinf) refers (Special) to usenofp.o(x$fpl$usenofp) for __I$use$fp
    fnaninf.o(x$fpl$fnaninf) refers (Special) to usenofp.o(x$fpl$usenofp) for __I$use$fp
    fretinf.o(x$fpl$fretinf) refers (Special) to usenofp.o(x$fpl$usenofp) for __I$use$fp
    rtentry2.o(.ARM.Collect$$rtentry$$00000008) refers to boardinit2.o(.text) for _platform_post_stackheap_init
    rtentry2.o(.ARM.Collect$$rtentry$$0000000A) refers to libinit.o(.ARM.Collect$$libinit$$00000000) for __rt_lib_init
    rtentry2.o(.ARM.Collect$$rtentry$$0000000B) refers to boardinit3.o(.text) for _platform_post_lib_init
    rtentry2.o(.ARM.Collect$$rtentry$$0000000D) refers to main.o(.text) for main
    rtentry2.o(.ARM.Collect$$rtentry$$0000000D) refers to exit.o(.text) for exit
    rtentry2.o(.ARM.exidx) refers to rtentry2.o(.ARM.Collect$$rtentry$$00000001) for .ARM.Collect$$rtentry$$00000001
    rtentry2.o(.ARM.exidx) refers to rtentry2.o(.ARM.Collect$$rtentry$$00000008) for .ARM.Collect$$rtentry$$00000008
    rtentry2.o(.ARM.exidx) refers to rtentry2.o(.ARM.Collect$$rtentry$$0000000A) for .ARM.Collect$$rtentry$$0000000A
    rtentry2.o(.ARM.exidx) refers to rtentry2.o(.ARM.Collect$$rtentry$$0000000B) for .ARM.Collect$$rtentry$$0000000B
    rtentry2.o(.ARM.exidx) refers to rtentry2.o(.ARM.Collect$$rtentry$$0000000D) for .ARM.Collect$$rtentry$$0000000D
    rtentry4.o(.ARM.Collect$$rtentry$$00000004) refers to sys_stackheap_outer.o(.text) for __user_setup_stackheap
    rtentry4.o(.ARM.exidx) refers to rtentry4.o(.ARM.Collect$$rtentry$$00000004) for .ARM.Collect$$rtentry$$00000004
    sys_stackheap_outer.o(.text) refers to libspace.o(.text) for __user_perproc_libspace
    sys_stackheap_outer.o(.text) refers to startup_stm32f10x_hd.o(.text) for __user_initial_stackheap
    exit.o(.text) refers to rtexit.o(.ARM.Collect$$rtexit$$00000000) for __rt_exit
    libinit.o(.ARM.Collect$$libinit$$00000000) refers (Special) to libinit2.o(.ARM.Collect$$libinit$$0000002C) for __rt_lib_init_alloca_1
    libinit.o(.ARM.Collect$$libinit$$00000000) refers (Special) to libinit2.o(.ARM.Collect$$libinit$$0000002A) for __rt_lib_init_argv_1
    libinit.o(.ARM.Collect$$libinit$$00000000) refers (Special) to libinit2.o(.ARM.Collect$$libinit$$00000019) for __rt_lib_init_atexit_1
    libinit.o(.ARM.Collect$$libinit$$00000000) refers (Special) to libinit2.o(.ARM.Collect$$libinit$$0000001F) for __rt_lib_init_clock_1
    libinit.o(.ARM.Collect$$libinit$$00000000) refers (Special) to libinit2.o(.ARM.Collect$$libinit$$00000030) for __rt_lib_init_cpp_1
    libinit.o(.ARM.Collect$$libinit$$00000000) refers (Special) to libinit2.o(.ARM.Collect$$libinit$$0000002E) for __rt_lib_init_exceptions_1
    libinit.o(.ARM.Collect$$libinit$$00000000) refers (Special) to libinit2.o(.ARM.Collect$$libinit$$00000002) for __rt_lib_init_fp_1
    libinit.o(.ARM.Collect$$libinit$$00000000) refers (Special) to libinit2.o(.ARM.Collect$$libinit$$0000001D) for __rt_lib_init_fp_trap_1
    libinit.o(.ARM.Collect$$libinit$$00000000) refers (Special) to libinit2.o(.ARM.Collect$$libinit$$00000021) for __rt_lib_init_getenv_1
    libinit.o(.ARM.Collect$$libinit$$00000000) refers (Special) to libinit2.o(.ARM.Collect$$libinit$$00000008) for __rt_lib_init_heap_1
    libinit.o(.ARM.Collect$$libinit$$00000000) refers (Special) to libinit2.o(.ARM.Collect$$libinit$$0000000F) for __rt_lib_init_lc_collate_1
    libinit.o(.ARM.Collect$$libinit$$00000000) refers (Special) to libinit2.o(.ARM.Collect$$libinit$$00000011) for __rt_lib_init_lc_ctype_1
    libinit.o(.ARM.Collect$$libinit$$00000000) refers (Special) to libinit2.o(.ARM.Collect$$libinit$$00000013) for __rt_lib_init_lc_monetary_1
    libinit.o(.ARM.Collect$$libinit$$00000000) refers (Special) to libinit2.o(.ARM.Collect$$libinit$$00000015) for __rt_lib_init_lc_numeric_1
    libinit.o(.ARM.Collect$$libinit$$00000000) refers (Special) to libinit2.o(.ARM.Collect$$libinit$$00000017) for __rt_lib_init_lc_time_1
    libinit.o(.ARM.Collect$$libinit$$00000000) refers (Special) to libinit2.o(.ARM.Collect$$libinit$$0000000C) for __rt_lib_init_rand_1
    libinit.o(.ARM.Collect$$libinit$$00000000) refers (Special) to libinit2.o(.ARM.Collect$$libinit$$00000031) for __rt_lib_init_return
    libinit.o(.ARM.Collect$$libinit$$00000000) refers (Special) to libinit2.o(.ARM.Collect$$libinit$$0000001B) for __rt_lib_init_signal_1
    libinit.o(.ARM.Collect$$libinit$$00000000) refers (Special) to libinit2.o(.ARM.Collect$$libinit$$00000023) for __rt_lib_init_stdio_1
    libinit.o(.ARM.Collect$$libinit$$00000000) refers (Special) to libinit2.o(.ARM.Collect$$libinit$$0000000A) for __rt_lib_init_user_alloc_1
    libspace.o(.text) refers to libspace.o(.bss) for __libspace_start
    rtexit.o(.ARM.Collect$$rtexit$$00000000) refers (Special) to rtexit2.o(.ARM.Collect$$rtexit$$00000004) for __rt_exit_exit
    rtexit.o(.ARM.Collect$$rtexit$$00000000) refers (Special) to rtexit2.o(.ARM.Collect$$rtexit$$00000003) for __rt_exit_ls
    rtexit.o(.ARM.Collect$$rtexit$$00000000) refers (Special) to rtexit2.o(.ARM.Collect$$rtexit$$00000002) for __rt_exit_prels_1
    rtexit.o(.ARM.exidx) refers (Special) to rtexit2.o(.ARM.Collect$$rtexit$$00000004) for __rt_exit_exit
    rtexit.o(.ARM.exidx) refers (Special) to rtexit2.o(.ARM.Collect$$rtexit$$00000003) for __rt_exit_ls
    rtexit.o(.ARM.exidx) refers (Special) to rtexit2.o(.ARM.Collect$$rtexit$$00000002) for __rt_exit_prels_1
    rtexit.o(.ARM.exidx) refers to rtexit.o(.ARM.Collect$$rtexit$$00000000) for .ARM.Collect$$rtexit$$00000000
    libinit2.o(.ARM.Collect$$libinit$$0000000E) refers to libinit2.o(.ARM.Collect$$libinit$$0000000D) for .ARM.Collect$$libinit$$0000000D
    libinit2.o(.ARM.Collect$$libinit$$00000010) refers to libinit2.o(.ARM.Collect$$libinit$$0000000D) for .ARM.Collect$$libinit$$0000000D
    libinit2.o(.ARM.Collect$$libinit$$00000012) refers to libinit2.o(.ARM.Collect$$libinit$$0000000D) for .ARM.Collect$$libinit$$0000000D
    libinit2.o(.ARM.Collect$$libinit$$00000014) refers to libinit2.o(.ARM.Collect$$libinit$$0000000D) for .ARM.Collect$$libinit$$0000000D
    libinit2.o(.ARM.Collect$$libinit$$00000016) refers to libinit2.o(.ARM.Collect$$libinit$$0000000D) for .ARM.Collect$$libinit$$0000000D
    libinit2.o(.ARM.Collect$$libinit$$00000024) refers to argv_veneer.o(.emb_text) for __ARM_argv_veneer
    libinit2.o(.ARM.Collect$$libinit$$00000025) refers to argv_veneer.o(.emb_text) for __ARM_argv_veneer
    rtexit2.o(.ARM.Collect$$rtexit$$00000003) refers to libshutdown.o(.ARM.Collect$$libshutdown$$00000000) for __rt_lib_shutdown
    rtexit2.o(.ARM.Collect$$rtexit$$00000004) refers to sys_exit.o(.text) for _sys_exit
    rtexit2.o(.ARM.exidx) refers to rtexit2.o(.ARM.Collect$$rtexit$$00000001) for .ARM.Collect$$rtexit$$00000001
    rtexit2.o(.ARM.exidx) refers to rtexit2.o(.ARM.Collect$$rtexit$$00000003) for .ARM.Collect$$rtexit$$00000003
    rtexit2.o(.ARM.exidx) refers to rtexit2.o(.ARM.Collect$$rtexit$$00000004) for .ARM.Collect$$rtexit$$00000004
    argv_veneer.o(.emb_text) refers to no_argv.o(.text) for __ARM_get_argv
    sys_exit.o(.text) refers (Special) to use_no_semi.o(.text) for __I$use$semihosting
    sys_exit.o(.text) refers (Special) to indicate_semi.o(.text) for __semihosting_library_function
    _get_argv_nomalloc.o(.text) refers (Special) to hrguard.o(.text) for __heap_region$guard
    _get_argv_nomalloc.o(.text) refers to defsig_rtmem_outer.o(.text) for __rt_SIGRTMEM
    _get_argv_nomalloc.o(.text) refers to sys_command.o(.text) for _sys_command_string
    libshutdown.o(.ARM.Collect$$libshutdown$$00000000) refers (Special) to libshutdown2.o(.ARM.Collect$$libshutdown$$00000006) for __rt_lib_shutdown_fp_trap_1
    libshutdown.o(.ARM.Collect$$libshutdown$$00000000) refers (Special) to libshutdown2.o(.ARM.Collect$$libshutdown$$0000000E) for __rt_lib_shutdown_heap_1
    libshutdown.o(.ARM.Collect$$libshutdown$$00000000) refers (Special) to libshutdown2.o(.ARM.Collect$$libshutdown$$0000000F) for __rt_lib_shutdown_return
    libshutdown.o(.ARM.Collect$$libshutdown$$00000000) refers (Special) to libshutdown2.o(.ARM.Collect$$libshutdown$$00000009) for __rt_lib_shutdown_signal_1
    libshutdown.o(.ARM.Collect$$libshutdown$$00000000) refers (Special) to libshutdown2.o(.ARM.Collect$$libshutdown$$00000003) for __rt_lib_shutdown_stdio_1
    libshutdown.o(.ARM.Collect$$libshutdown$$00000000) refers (Special) to libshutdown2.o(.ARM.Collect$$libshutdown$$0000000B) for __rt_lib_shutdown_user_alloc_1
    sys_command.o(.text) refers (Special) to use_no_semi.o(.text) for __I$use$semihosting
    sys_command.o(.text) refers (Special) to indicate_semi.o(.text) for __semihosting_library_function
    defsig_rtmem_outer.o(.text) refers to defsig_rtmem_inner.o(.text) for __rt_SIGRTMEM_inner
    defsig_rtmem_outer.o(.text) refers to defsig_exit.o(.text) for __sig_exit
    defsig_rtmem_formal.o(.text) refers to rt_raise.o(.text) for __rt_raise
    rt_raise.o(.text) refers to __raise.o(.text) for __raise
    rt_raise.o(.text) refers to sys_exit.o(.text) for _sys_exit
    defsig_exit.o(.text) refers to sys_exit.o(.text) for _sys_exit
    defsig_rtmem_inner.o(.text) refers to defsig_general.o(.text) for __default_signal_display
    __raise.o(.text) refers to defsig.o(CL$$defsig) for __default_signal_handler
    defsig_general.o(.text) refers to sys_wrch.o(.text) for _ttywrch
    sys_wrch.o(.text) refers (Special) to use_no_semi.o(.text) for __I$use$semihosting
    sys_wrch.o(.text) refers (Special) to indicate_semi.o(.text) for __semihosting_library_function
    defsig.o(CL$$defsig) refers to defsig_rtmem_inner.o(.text) for __rt_SIGRTMEM_inner
    defsig_abrt_inner.o(.text) refers to defsig_general.o(.text) for __default_signal_display
    defsig_fpe_inner.o(.text) refers to defsig_general.o(.text) for __default_signal_display
    defsig_rtred_inner.o(.text) refers to defsig_general.o(.text) for __default_signal_display
    defsig_stak_inner.o(.text) refers to defsig_general.o(.text) for __default_signal_display
    defsig_pvfn_inner.o(.text) refers to defsig_general.o(.text) for __default_signal_display
    defsig_cppl_inner.o(.text) refers to defsig_general.o(.text) for __default_signal_display
    defsig_segv_inner.o(.text) refers to defsig_general.o(.text) for __default_signal_display
    defsig_other.o(.text) refers to defsig_general.o(.text) for __default_signal_display


==============================================================================

Removing Unused input sections from the image.

    Removing core_cm3.o(.emb_text), (32 bytes).
    Removing system_stm32f10x.o(.constdata), (20 bytes).

2 unused section(s) (total 52 bytes) removed from the image.

==============================================================================

Image Symbol Table

    Local Symbols

    Symbol Name                              Value     Ov Type        Size  Object(Section)

    ../clib/angel/boardlib.s                 0x00000000   Number         0  boardinit2.o ABSOLUTE
    ../clib/angel/boardlib.s                 0x00000000   Number         0  boardshut.o ABSOLUTE
    ../clib/angel/boardlib.s                 0x00000000   Number         0  boardinit3.o ABSOLUTE
    ../clib/angel/boardlib.s                 0x00000000   Number         0  boardinit1.o ABSOLUTE
    ../clib/angel/handlers.s                 0x00000000   Number         0  __scatter_copy.o ABSOLUTE
    ../clib/angel/handlers.s                 0x00000000   Number         0  __scatter_zi.o ABSOLUTE
    ../clib/angel/kernel.s                   0x00000000   Number         0  rtentry2.o ABSOLUTE
    ../clib/angel/kernel.s                   0x00000000   Number         0  rtexit2.o ABSOLUTE
    ../clib/angel/kernel.s                   0x00000000   Number         0  rtentry4.o ABSOLUTE
    ../clib/angel/kernel.s                   0x00000000   Number         0  rtentry.o ABSOLUTE
    ../clib/angel/kernel.s                   0x00000000   Number         0  rtexit.o ABSOLUTE
    ../clib/angel/rt.s                       0x00000000   Number         0  rt_raise.o ABSOLUTE
    ../clib/angel/scatter.s                  0x00000000   Number         0  __scatter.o ABSOLUTE
    ../clib/angel/startup.s                  0x00000000   Number         0  __main.o ABSOLUTE
    ../clib/angel/sys.s                      0x00000000   Number         0  indicate_semi.o ABSOLUTE
    ../clib/angel/sys.s                      0x00000000   Number         0  sys_stackheap_outer.o ABSOLUTE
    ../clib/angel/sys.s                      0x00000000   Number         0  use_no_semi.o ABSOLUTE
    ../clib/angel/sys.s                      0x00000000   Number         0  libspace.o ABSOLUTE
    ../clib/angel/sysapp.c                   0x00000000   Number         0  sys_wrch.o ABSOLUTE
    ../clib/angel/sysapp.c                   0x00000000   Number         0  sys_exit.o ABSOLUTE
    ../clib/angel/sysapp.c                   0x00000000   Number         0  sys_command.o ABSOLUTE
    ../clib/armsys.c                         0x00000000   Number         0  argv_veneer.o ABSOLUTE
    ../clib/armsys.c                         0x00000000   Number         0  argv_veneer.o ABSOLUTE
    ../clib/armsys.c                         0x00000000   Number         0  no_argv.o ABSOLUTE
    ../clib/armsys.c                         0x00000000   Number         0  _get_argv_nomalloc.o ABSOLUTE
    ../clib/heapalloc.c                      0x00000000   Number         0  hrguard.o ABSOLUTE
    ../clib/heapaux.c                        0x00000000   Number         0  heapauxi.o ABSOLUTE
    ../clib/libinit.s                        0x00000000   Number         0  libshutdown2.o ABSOLUTE
    ../clib/libinit.s                        0x00000000   Number         0  libshutdown.o ABSOLUTE
    ../clib/libinit.s                        0x00000000   Number         0  libinit2.o ABSOLUTE
    ../clib/libinit.s                        0x00000000   Number         0  libinit.o ABSOLUTE
    ../clib/signal.c                         0x00000000   Number         0  defsig_other.o ABSOLUTE
    ../clib/signal.c                         0x00000000   Number         0  defsig_segv_inner.o ABSOLUTE
    ../clib/signal.c                         0x00000000   Number         0  defsig_cppl_inner.o ABSOLUTE
    ../clib/signal.c                         0x00000000   Number         0  defsig_stak_inner.o ABSOLUTE
    ../clib/signal.c                         0x00000000   Number         0  defsig_rtred_inner.o ABSOLUTE
    ../clib/signal.c                         0x00000000   Number         0  defsig_fpe_inner.o ABSOLUTE
    ../clib/signal.c                         0x00000000   Number         0  defsig_rtmem_formal.o ABSOLUTE
    ../clib/signal.c                         0x00000000   Number         0  defsig_general.o ABSOLUTE
    ../clib/signal.c                         0x00000000   Number         0  defsig_rtmem_inner.o ABSOLUTE
    ../clib/signal.c                         0x00000000   Number         0  defsig_exit.o ABSOLUTE
    ../clib/signal.c                         0x00000000   Number         0  __raise.o ABSOLUTE
    ../clib/signal.c                         0x00000000   Number         0  defsig_pvfn_inner.o ABSOLUTE
    ../clib/signal.c                         0x00000000   Number         0  defsig_rtmem_outer.o ABSOLUTE
    ../clib/signal.c                         0x00000000   Number         0  defsig_abrt_inner.o ABSOLUTE
    ../clib/signal.s                         0x00000000   Number         0  defsig.o ABSOLUTE
    ../clib/stdlib.c                         0x00000000   Number         0  exit.o ABSOLUTE
    ../fplib/d2f.s                           0x00000000   Number         0  d2f.o ABSOLUTE
    ../fplib/daddsub.s                       0x00000000   Number         0  daddsub_clz.o ABSOLUTE
    ../fplib/dcmpi.s                         0x00000000   Number         0  dcmpi.o ABSOLUTE
    ../fplib/dleqf.s                         0x00000000   Number         0  dleqf.o ABSOLUTE
    ../fplib/dnaninf.s                       0x00000000   Number         0  dnaninf.o ABSOLUTE
    ../fplib/dretinf.s                       0x00000000   Number         0  dretinf.o ABSOLUTE
    ../fplib/drleqf.s                        0x00000000   Number         0  drleqf.o ABSOLUTE
    ../fplib/f2d.s                           0x00000000   Number         0  f2d.o ABSOLUTE
    ../fplib/faddsub.s                       0x00000000   Number         0  faddsub_clz.o ABSOLUTE
    ../fplib/fcmpi.s                         0x00000000   Number         0  fcmpi.o ABSOLUTE
    ../fplib/fdiv.s                          0x00000000   Number         0  fdiv.o ABSOLUTE
    ../fplib/ffix.s                          0x00000000   Number         0  ffix.o ABSOLUTE
    ../fplib/ffixu.s                         0x00000000   Number         0  ffixu.o ABSOLUTE
    ../fplib/fleqf.s                         0x00000000   Number         0  fleqf.o ABSOLUTE
    ../fplib/fmul.s                          0x00000000   Number         0  fmul.o ABSOLUTE
    ../fplib/fnaninf.s                       0x00000000   Number         0  fnaninf.o ABSOLUTE
    ../fplib/fpinit.s                        0x00000000   Number         0  fpinit.o ABSOLUTE
    ../fplib/fretinf.s                       0x00000000   Number         0  fretinf.o ABSOLUTE
    ../fplib/frleqf.s                        0x00000000   Number         0  frleqf.o ABSOLUTE
    ../fplib/usenofp.s                       0x00000000   Number         0  usenofp.o ABSOLUTE
    ..\CMSIS\core_cm3.c                      0x00000000   Number         0  core_cm3.o ABSOLUTE
    ..\CMSIS\startup\startup_stm32f10x_hd.s  0x00000000   Number         0  startup_stm32f10x_hd.o ABSOLUTE
    ..\CMSIS\system_stm32f10x.c              0x00000000   Number         0  system_stm32f10x.o ABSOLUTE
    ..\FWlib\src\misc.c                      0x00000000   Number         0  misc.o ABSOLUTE
    ..\FWlib\src\stm32f10x_gpio.c            0x00000000   Number         0  stm32f10x_gpio.o ABSOLUTE
    ..\FWlib\src\stm32f10x_rcc.c             0x00000000   Number         0  stm32f10x_rcc.o ABSOLUTE
    ..\FWlib\src\stm32f10x_tim.c             0x00000000   Number         0  stm32f10x_tim.o ABSOLUTE
    ..\FWlib\src\stm32f10x_usart.c           0x00000000   Number         0  stm32f10x_usart.o ABSOLUTE
    ..\\CMSIS\\core_cm3.c                    0x00000000   Number         0  core_cm3.o ABSOLUTE
    PID.c                                    0x00000000   Number         0  pid.o ABSOLUTE
    dc.s                                     0x00000000   Number         0  dc.o ABSOLUTE
    main.c                                   0x00000000   Number         0  main.o ABSOLUTE
    stm32f10x_it.c                           0x00000000   Number         0  stm32f10x_it.o ABSOLUTE
    time.c                                   0x00000000   Number         0  time.o ABSOLUTE
    usart1.c                                 0x00000000   Number         0  usart1.o ABSOLUTE
    RESET                                    0x08000000   Section      304  startup_stm32f10x_hd.o(RESET)
    !!!main                                  0x08000130   Section        8  __main.o(!!!main)
    !!!scatter                               0x08000138   Section       52  __scatter.o(!!!scatter)
    !!handler_copy                           0x0800016c   Section       26  __scatter_copy.o(!!handler_copy)
    !!handler_zi                             0x08000188   Section       28  __scatter_zi.o(!!handler_zi)
    .ARM.Collect$$libinit$$00000000          0x080001a4   Section        2  libinit.o(.ARM.Collect$$libinit$$00000000)
    .ARM.Collect$$libinit$$00000002          0x080001a6   Section        0  libinit2.o(.ARM.Collect$$libinit$$00000002)
    .ARM.Collect$$libinit$$00000008          0x080001a6   Section        0  libinit2.o(.ARM.Collect$$libinit$$00000008)
    .ARM.Collect$$libinit$$0000000A          0x080001a6   Section        0  libinit2.o(.ARM.Collect$$libinit$$0000000A)
    .ARM.Collect$$libinit$$0000000C          0x080001a6   Section        0  libinit2.o(.ARM.Collect$$libinit$$0000000C)
    .ARM.Collect$$libinit$$0000000F          0x080001a6   Section        0  libinit2.o(.ARM.Collect$$libinit$$0000000F)
    .ARM.Collect$$libinit$$00000011          0x080001a6   Section        0  libinit2.o(.ARM.Collect$$libinit$$00000011)
    .ARM.Collect$$libinit$$00000013          0x080001a6   Section        0  libinit2.o(.ARM.Collect$$libinit$$00000013)
    .ARM.Collect$$libinit$$00000015          0x080001a6   Section        0  libinit2.o(.ARM.Collect$$libinit$$00000015)
    .ARM.Collect$$libinit$$00000017          0x080001a6   Section        0  libinit2.o(.ARM.Collect$$libinit$$00000017)
    .ARM.Collect$$libinit$$00000019          0x080001a6   Section        0  libinit2.o(.ARM.Collect$$libinit$$00000019)
    .ARM.Collect$$libinit$$0000001B          0x080001a6   Section        0  libinit2.o(.ARM.Collect$$libinit$$0000001B)
    .ARM.Collect$$libinit$$0000001D          0x080001a6   Section        0  libinit2.o(.ARM.Collect$$libinit$$0000001D)
    .ARM.Collect$$libinit$$0000001F          0x080001a6   Section        0  libinit2.o(.ARM.Collect$$libinit$$0000001F)
    .ARM.Collect$$libinit$$00000021          0x080001a6   Section        0  libinit2.o(.ARM.Collect$$libinit$$00000021)
    .ARM.Collect$$libinit$$00000023          0x080001a6   Section        0  libinit2.o(.ARM.Collect$$libinit$$00000023)
    .ARM.Collect$$libinit$$0000002A          0x080001a6   Section        0  libinit2.o(.ARM.Collect$$libinit$$0000002A)
    .ARM.Collect$$libinit$$0000002C          0x080001a6   Section        0  libinit2.o(.ARM.Collect$$libinit$$0000002C)
    .ARM.Collect$$libinit$$0000002E          0x080001a6   Section        0  libinit2.o(.ARM.Collect$$libinit$$0000002E)
    .ARM.Collect$$libinit$$00000030          0x080001a6   Section        0  libinit2.o(.ARM.Collect$$libinit$$00000030)
    .ARM.Collect$$libinit$$00000031          0x080001a6   Section        2  libinit2.o(.ARM.Collect$$libinit$$00000031)
    .ARM.Collect$$libshutdown$$00000000      0x080001a8   Section        2  libshutdown.o(.ARM.Collect$$libshutdown$$00000000)
    .ARM.Collect$$libshutdown$$00000003      0x080001aa   Section        0  libshutdown2.o(.ARM.Collect$$libshutdown$$00000003)
    .ARM.Collect$$libshutdown$$00000006      0x080001aa   Section        0  libshutdown2.o(.ARM.Collect$$libshutdown$$00000006)
    .ARM.Collect$$libshutdown$$00000009      0x080001aa   Section        0  libshutdown2.o(.ARM.Collect$$libshutdown$$00000009)
    .ARM.Collect$$libshutdown$$0000000B      0x080001aa   Section        0  libshutdown2.o(.ARM.Collect$$libshutdown$$0000000B)
    .ARM.Collect$$libshutdown$$0000000E      0x080001aa   Section        0  libshutdown2.o(.ARM.Collect$$libshutdown$$0000000E)
    .ARM.Collect$$libshutdown$$0000000F      0x080001aa   Section        2  libshutdown2.o(.ARM.Collect$$libshutdown$$0000000F)
    .ARM.Collect$$rtentry$$00000000          0x080001ac   Section        0  rtentry.o(.ARM.Collect$$rtentry$$00000000)
    .ARM.Collect$$rtentry$$00000002          0x080001ac   Section        0  rtentry2.o(.ARM.Collect$$rtentry$$00000002)
    .ARM.Collect$$rtentry$$00000004          0x080001ac   Section        6  rtentry4.o(.ARM.Collect$$rtentry$$00000004)
    .ARM.Collect$$rtentry$$00000009          0x080001b2   Section        0  rtentry2.o(.ARM.Collect$$rtentry$$00000009)
    .ARM.Collect$$rtentry$$0000000A          0x080001b2   Section        4  rtentry2.o(.ARM.Collect$$rtentry$$0000000A)
    .ARM.Collect$$rtentry$$0000000C          0x080001b6   Section        0  rtentry2.o(.ARM.Collect$$rtentry$$0000000C)
    .ARM.Collect$$rtentry$$0000000D          0x080001b6   Section        8  rtentry2.o(.ARM.Collect$$rtentry$$0000000D)
    .ARM.Collect$$rtexit$$00000000           0x080001be   Section        2  rtexit.o(.ARM.Collect$$rtexit$$00000000)
    .ARM.Collect$$rtexit$$00000002           0x080001c0   Section        0  rtexit2.o(.ARM.Collect$$rtexit$$00000002)
    .ARM.Collect$$rtexit$$00000003           0x080001c0   Section        4  rtexit2.o(.ARM.Collect$$rtexit$$00000003)
    .ARM.Collect$$rtexit$$00000004           0x080001c4   Section        6  rtexit2.o(.ARM.Collect$$rtexit$$00000004)
    .text                                    0x080001cc   Section       72  startup_stm32f10x_hd.o(.text)
    .text                                    0x08000214   Section        0  main.o(.text)
    .text                                    0x0800022c   Section        0  stm32f10x_it.o(.text)
    .text                                    0x0800090c   Section        0  usart1.o(.text)
    itoa                                     0x08000a57   Thumb Code    98  usart1.o(.text)
    .text                                    0x08000bcc   Section        0  pid.o(.text)
    .text                                    0x080011a0   Section        0  time.o(.text)
    .text                                    0x0800121c   Section        0  stm32f10x_gpio.o(.text)
    .text                                    0x0800154c   Section        0  stm32f10x_rcc.o(.text)
    .text                                    0x080018ec   Section        0  stm32f10x_usart.o(.text)
    .text                                    0x08001c5c   Section        0  misc.o(.text)
    .text                                    0x08001d38   Section        0  stm32f10x_tim.o(.text)
    TI4_Config                               0x08002057   Thumb Code    82  stm32f10x_tim.o(.text)
    TI3_Config                               0x080020bb   Thumb Code    72  stm32f10x_tim.o(.text)
    TI2_Config                               0x0800212d   Thumb Code    80  stm32f10x_tim.o(.text)
    TI1_Config                               0x0800218f   Thumb Code    56  stm32f10x_tim.o(.text)
    .text                                    0x08002900   Section        0  system_stm32f10x.o(.text)
    SetSysClockTo72                          0x08002901   Thumb Code   220  system_stm32f10x.o(.text)
    SetSysClock                              0x080029dd   Thumb Code     8  system_stm32f10x.o(.text)
    .text                                    0x08002a38   Section        0  heapauxi.o(.text)
    .text                                    0x08002a3e   Section       74  sys_stackheap_outer.o(.text)
    .text                                    0x08002a88   Section        0  exit.o(.text)
    .text                                    0x08002a94   Section        8  libspace.o(.text)
    .text                                    0x08002a9c   Section        0  sys_exit.o(.text)
    .text                                    0x08002aa8   Section        2  use_no_semi.o(.text)
    .text                                    0x08002aaa   Section        0  indicate_semi.o(.text)
    x$fpl$d2f                                0x08002aac   Section       98  d2f.o(x$fpl$d2f)
    x$fpl$dadd                               0x08002b10   Section      336  daddsub_clz.o(x$fpl$dadd)
    _dadd1                                   0x08002b21   Thumb Code     0  daddsub_clz.o(x$fpl$dadd)
    x$fpl$dcmpinf                            0x08002c60   Section       24  dcmpi.o(x$fpl$dcmpinf)
    x$fpl$dleqf                              0x08002c78   Section      120  dleqf.o(x$fpl$dleqf)
    x$fpl$dnaninf                            0x08002cf0   Section      156  dnaninf.o(x$fpl$dnaninf)
    x$fpl$dretinf                            0x08002d8c   Section       12  dretinf.o(x$fpl$dretinf)
    x$fpl$drleqf                             0x08002d98   Section      108  drleqf.o(x$fpl$drleqf)
    x$fpl$dsub                               0x08002e04   Section      468  daddsub_clz.o(x$fpl$dsub)
    _dsub1                                   0x08002e15   Thumb Code     0  daddsub_clz.o(x$fpl$dsub)
    x$fpl$f2d                                0x08002fd8   Section       86  f2d.o(x$fpl$f2d)
    x$fpl$fadd                               0x08003030   Section      196  faddsub_clz.o(x$fpl$fadd)
    _fadd1                                   0x0800303f   Thumb Code     0  faddsub_clz.o(x$fpl$fadd)
    x$fpl$fcmpinf                            0x080030f4   Section       24  fcmpi.o(x$fpl$fcmpinf)
    x$fpl$fdiv                               0x0800310c   Section      388  fdiv.o(x$fpl$fdiv)
    _fdiv1                                   0x0800310d   Thumb Code     0  fdiv.o(x$fpl$fdiv)
    x$fpl$ffix                               0x08003290   Section       54  ffix.o(x$fpl$ffix)
    x$fpl$ffixu                              0x080032c8   Section       62  ffixu.o(x$fpl$ffixu)
    x$fpl$fleqf                              0x08003308   Section      104  fleqf.o(x$fpl$fleqf)
    x$fpl$fmul                               0x08003370   Section      258  fmul.o(x$fpl$fmul)
    x$fpl$fnaninf                            0x08003472   Section      140  fnaninf.o(x$fpl$fnaninf)
    x$fpl$fretinf                            0x080034fe   Section       10  fretinf.o(x$fpl$fretinf)
    x$fpl$frleqf                             0x08003508   Section       98  frleqf.o(x$fpl$frleqf)
    x$fpl$frsb                               0x0800356a   Section       20  faddsub_clz.o(x$fpl$frsb)
    x$fpl$fsub                               0x08003580   Section      234  faddsub_clz.o(x$fpl$fsub)
    _fsub1                                   0x0800358f   Thumb Code     0  faddsub_clz.o(x$fpl$fsub)
    x$fpl$usenofp                            0x0800366a   Section        0  usenofp.o(x$fpl$usenofp)
    .data                                    0x20000000   Section       52  main.o(.data)
    .data                                    0x20000038   Section      116  stm32f10x_it.o(.data)
    s_flow                                   0x2000007d   Data           1  stm32f10x_it.o(.data)
    data_cnt                                 0x2000007e   Data           1  stm32f10x_it.o(.data)
    tmp                                      0x200000a8   Data           4  stm32f10x_it.o(.data)
    .data                                    0x200000ac   Section       88  pid.o(.data)
    .data                                    0x20000104   Section       20  stm32f10x_rcc.o(.data)
    APBAHBPrescTable                         0x20000104   Data          16  stm32f10x_rcc.o(.data)
    ADCPrescTable                            0x20000114   Data           4  stm32f10x_rcc.o(.data)
    .bss                                     0x20000118   Section      104  stm32f10x_it.o(.bss)
    .bss                                     0x20000180   Section      140  pid.o(.bss)
    .bss                                     0x2000020c   Section       96  libspace.o(.bss)
    HEAP                                     0x20000270   Section        0  startup_stm32f10x_hd.o(HEAP)
    STACK                                    0x20000270   Section      512  startup_stm32f10x_hd.o(STACK)
    Heap_Mem                                 0x20000270   Data           0  startup_stm32f10x_hd.o(HEAP)
    Stack_Mem                                0x20000270   Data         512  startup_stm32f10x_hd.o(STACK)
    __initial_sp                             0x20000470   Data           0  startup_stm32f10x_hd.o(STACK)

    Global Symbols

    Symbol Name                              Value     Ov Type        Size  Object(Section)

    BuildAttributes$$THM_ISAv4$P$D$K$B$S$PE$A:L22UL41UL21$X:L11$S22US41US21$IEEE1$IW$USESV6$~STKCKD$USESV7$~SHL$OSPACE$ROPI$EBA8$UX$STANDARDLIB$REQ8$PRES8$EABIv2 0x00000000   Number         0  anon$$obj.o ABSOLUTE
    __ARM_use_no_argv                        0x00000000   Number         0  main.o ABSOLUTE
    __ARM_exceptions_init                     - Undefined Weak Reference
    __alloca_initialize                       - Undefined Weak Reference
    __cpp_initialize__aeabi_                  - Undefined Weak Reference
    __cxa_finalize                            - Undefined Weak Reference
    __rt_locale                               - Undefined Weak Reference
    __sigvec_lookup                           - Undefined Weak Reference
    _atexit_init                              - Undefined Weak Reference
    _call_atexit_fns                          - Undefined Weak Reference
    _clock_init                               - Undefined Weak Reference
    _fp_trap_init                             - Undefined Weak Reference
    _fp_trap_shutdown                         - Undefined Weak Reference
    _get_lc_collate                           - Undefined Weak Reference
    _get_lc_ctype                             - Undefined Weak Reference
    _get_lc_monetary                          - Undefined Weak Reference
    _get_lc_numeric                           - Undefined Weak Reference
    _get_lc_time                              - Undefined Weak Reference
    _getenv_init                              - Undefined Weak Reference
    _handle_redirection                       - Undefined Weak Reference
    _init_alloc                               - Undefined Weak Reference
    _init_user_alloc                          - Undefined Weak Reference
    _initio                                   - Undefined Weak Reference
    _rand_init                                - Undefined Weak Reference
    _signal_finish                            - Undefined Weak Reference
    _signal_init                              - Undefined Weak Reference
    _terminate_alloc                          - Undefined Weak Reference
    _terminate_user_alloc                     - Undefined Weak Reference
    _terminateio                              - Undefined Weak Reference
    __Vectors_Size                           0x00000130   Number         0  startup_stm32f10x_hd.o ABSOLUTE
    __Vectors                                0x08000000   Data           4  startup_stm32f10x_hd.o(RESET)
    __Vectors_End                            0x08000130   Data           0  startup_stm32f10x_hd.o(RESET)
    __main                                   0x08000131   Thumb Code     8  __main.o(!!!main)
    __scatterload                            0x08000139   Thumb Code     0  __scatter.o(!!!scatter)
    __scatterload_rt2                        0x08000139   Thumb Code    44  __scatter.o(!!!scatter)
    __scatterload_rt2_thumb_only             0x08000139   Thumb Code     0  __scatter.o(!!!scatter)
    __scatterload_null                       0x08000147   Thumb Code     0  __scatter.o(!!!scatter)
    __scatterload_copy                       0x0800016d   Thumb Code    26  __scatter_copy.o(!!handler_copy)
    __scatterload_zeroinit                   0x08000189   Thumb Code    28  __scatter_zi.o(!!handler_zi)
    __rt_lib_init                            0x080001a5   Thumb Code     0  libinit.o(.ARM.Collect$$libinit$$00000000)
    __rt_lib_init_alloca_1                   0x080001a7   Thumb Code     0  libinit2.o(.ARM.Collect$$libinit$$0000002C)
    __rt_lib_init_argv_1                     0x080001a7   Thumb Code     0  libinit2.o(.ARM.Collect$$libinit$$0000002A)
    __rt_lib_init_atexit_1                   0x080001a7   Thumb Code     0  libinit2.o(.ARM.Collect$$libinit$$00000019)
    __rt_lib_init_clock_1                    0x080001a7   Thumb Code     0  libinit2.o(.ARM.Collect$$libinit$$0000001F)
    __rt_lib_init_cpp_1                      0x080001a7   Thumb Code     0  libinit2.o(.ARM.Collect$$libinit$$00000030)
    __rt_lib_init_exceptions_1               0x080001a7   Thumb Code     0  libinit2.o(.ARM.Collect$$libinit$$0000002E)
    __rt_lib_init_fp_1                       0x080001a7   Thumb Code     0  libinit2.o(.ARM.Collect$$libinit$$00000002)
    __rt_lib_init_fp_trap_1                  0x080001a7   Thumb Code     0  libinit2.o(.ARM.Collect$$libinit$$0000001D)
    __rt_lib_init_getenv_1                   0x080001a7   Thumb Code     0  libinit2.o(.ARM.Collect$$libinit$$00000021)
    __rt_lib_init_heap_1                     0x080001a7   Thumb Code     0  libinit2.o(.ARM.Collect$$libinit$$00000008)
    __rt_lib_init_lc_collate_1               0x080001a7   Thumb Code     0  libinit2.o(.ARM.Collect$$libinit$$0000000F)
    __rt_lib_init_lc_ctype_1                 0x080001a7   Thumb Code     0  libinit2.o(.ARM.Collect$$libinit$$00000011)
    __rt_lib_init_lc_monetary_1              0x080001a7   Thumb Code     0  libinit2.o(.ARM.Collect$$libinit$$00000013)
    __rt_lib_init_lc_numeric_1               0x080001a7   Thumb Code     0  libinit2.o(.ARM.Collect$$libinit$$00000015)
    __rt_lib_init_lc_time_1                  0x080001a7   Thumb Code     0  libinit2.o(.ARM.Collect$$libinit$$00000017)
    __rt_lib_init_rand_1                     0x080001a7   Thumb Code     0  libinit2.o(.ARM.Collect$$libinit$$0000000C)
    __rt_lib_init_return                     0x080001a7   Thumb Code     0  libinit2.o(.ARM.Collect$$libinit$$00000031)
    __rt_lib_init_signal_1                   0x080001a7   Thumb Code     0  libinit2.o(.ARM.Collect$$libinit$$0000001B)
    __rt_lib_init_stdio_1                    0x080001a7   Thumb Code     0  libinit2.o(.ARM.Collect$$libinit$$00000023)
    __rt_lib_init_user_alloc_1               0x080001a7   Thumb Code     0  libinit2.o(.ARM.Collect$$libinit$$0000000A)
    __rt_lib_shutdown                        0x080001a9   Thumb Code     0  libshutdown.o(.ARM.Collect$$libshutdown$$00000000)
    __rt_lib_shutdown_fp_trap_1              0x080001ab   Thumb Code     0  libshutdown2.o(.ARM.Collect$$libshutdown$$00000006)
    __rt_lib_shutdown_heap_1                 0x080001ab   Thumb Code     0  libshutdown2.o(.ARM.Collect$$libshutdown$$0000000E)
    __rt_lib_shutdown_return                 0x080001ab   Thumb Code     0  libshutdown2.o(.ARM.Collect$$libshutdown$$0000000F)
    __rt_lib_shutdown_signal_1               0x080001ab   Thumb Code     0  libshutdown2.o(.ARM.Collect$$libshutdown$$00000009)
    __rt_lib_shutdown_stdio_1                0x080001ab   Thumb Code     0  libshutdown2.o(.ARM.Collect$$libshutdown$$00000003)
    __rt_lib_shutdown_user_alloc_1           0x080001ab   Thumb Code     0  libshutdown2.o(.ARM.Collect$$libshutdown$$0000000B)
    __rt_entry                               0x080001ad   Thumb Code     0  rtentry.o(.ARM.Collect$$rtentry$$00000000)
    __rt_entry_presh_1                       0x080001ad   Thumb Code     0  rtentry2.o(.ARM.Collect$$rtentry$$00000002)
    __rt_entry_sh                            0x080001ad   Thumb Code     0  rtentry4.o(.ARM.Collect$$rtentry$$00000004)
    __rt_entry_li                            0x080001b3   Thumb Code     0  rtentry2.o(.ARM.Collect$$rtentry$$0000000A)
    __rt_entry_postsh_1                      0x080001b3   Thumb Code     0  rtentry2.o(.ARM.Collect$$rtentry$$00000009)
    __rt_entry_main                          0x080001b7   Thumb Code     0  rtentry2.o(.ARM.Collect$$rtentry$$0000000D)
    __rt_entry_postli_1                      0x080001b7   Thumb Code     0  rtentry2.o(.ARM.Collect$$rtentry$$0000000C)
    __rt_exit                                0x080001bf   Thumb Code     0  rtexit.o(.ARM.Collect$$rtexit$$00000000)
    __rt_exit_ls                             0x080001c1   Thumb Code     0  rtexit2.o(.ARM.Collect$$rtexit$$00000003)
    __rt_exit_prels_1                        0x080001c1   Thumb Code     0  rtexit2.o(.ARM.Collect$$rtexit$$00000002)
    __rt_exit_exit                           0x080001c5   Thumb Code     0  rtexit2.o(.ARM.Collect$$rtexit$$00000004)
    SystemInit_ExtMemCtl                     0x080001cd   Thumb Code     2  startup_stm32f10x_hd.o(.text)
    Reset_Handler                            0x080001cf   Thumb Code    14  startup_stm32f10x_hd.o(.text)
    ADC1_2_IRQHandler                        0x080001ef   Thumb Code     0  startup_stm32f10x_hd.o(.text)
    ADC3_IRQHandler                          0x080001ef   Thumb Code     0  startup_stm32f10x_hd.o(.text)
    CAN1_RX1_IRQHandler                      0x080001ef   Thumb Code     0  startup_stm32f10x_hd.o(.text)
    CAN1_SCE_IRQHandler                      0x080001ef   Thumb Code     0  startup_stm32f10x_hd.o(.text)
    DMA1_Channel1_IRQHandler                 0x080001ef   Thumb Code     0  startup_stm32f10x_hd.o(.text)
    DMA1_Channel2_IRQHandler                 0x080001ef   Thumb Code     0  startup_stm32f10x_hd.o(.text)
    DMA1_Channel3_IRQHandler                 0x080001ef   Thumb Code     0  startup_stm32f10x_hd.o(.text)
    DMA1_Channel4_IRQHandler                 0x080001ef   Thumb Code     0  startup_stm32f10x_hd.o(.text)
    DMA1_Channel5_IRQHandler                 0x080001ef   Thumb Code     0  startup_stm32f10x_hd.o(.text)
    DMA1_Channel6_IRQHandler                 0x080001ef   Thumb Code     0  startup_stm32f10x_hd.o(.text)
    DMA1_Channel7_IRQHandler                 0x080001ef   Thumb Code     0  startup_stm32f10x_hd.o(.text)
    DMA2_Channel1_IRQHandler                 0x080001ef   Thumb Code     0  startup_stm32f10x_hd.o(.text)
    DMA2_Channel2_IRQHandler                 0x080001ef   Thumb Code     0  startup_stm32f10x_hd.o(.text)
    DMA2_Channel3_IRQHandler                 0x080001ef   Thumb Code     0  startup_stm32f10x_hd.o(.text)
    DMA2_Channel4_5_IRQHandler               0x080001ef   Thumb Code     0  startup_stm32f10x_hd.o(.text)
    EXTI0_IRQHandler                         0x080001ef   Thumb Code     0  startup_stm32f10x_hd.o(.text)
    EXTI15_10_IRQHandler                     0x080001ef   Thumb Code     0  startup_stm32f10x_hd.o(.text)
    EXTI1_IRQHandler                         0x080001ef   Thumb Code     0  startup_stm32f10x_hd.o(.text)
    EXTI2_IRQHandler                         0x080001ef   Thumb Code     0  startup_stm32f10x_hd.o(.text)
    EXTI3_IRQHandler                         0x080001ef   Thumb Code     0  startup_stm32f10x_hd.o(.text)
    EXTI4_IRQHandler                         0x080001ef   Thumb Code     0  startup_stm32f10x_hd.o(.text)
    EXTI9_5_IRQHandler                       0x080001ef   Thumb Code     0  startup_stm32f10x_hd.o(.text)
    FLASH_IRQHandler                         0x080001ef   Thumb Code     0  startup_stm32f10x_hd.o(.text)
    FSMC_IRQHandler                          0x080001ef   Thumb Code     0  startup_stm32f10x_hd.o(.text)
    I2C1_ER_IRQHandler                       0x080001ef   Thumb Code     0  startup_stm32f10x_hd.o(.text)
    I2C1_EV_IRQHandler                       0x080001ef   Thumb Code     0  startup_stm32f10x_hd.o(.text)
    I2C2_ER_IRQHandler                       0x080001ef   Thumb Code     0  startup_stm32f10x_hd.o(.text)
    I2C2_EV_IRQHandler                       0x080001ef   Thumb Code     0  startup_stm32f10x_hd.o(.text)
    PVD_IRQHandler                           0x080001ef   Thumb Code     0  startup_stm32f10x_hd.o(.text)
    RCC_IRQHandler                           0x080001ef   Thumb Code     0  startup_stm32f10x_hd.o(.text)
    RTCAlarm_IRQHandler                      0x080001ef   Thumb Code     0  startup_stm32f10x_hd.o(.text)
    RTC_IRQHandler                           0x080001ef   Thumb Code     0  startup_stm32f10x_hd.o(.text)
    SDIO_IRQHandler                          0x080001ef   Thumb Code     0  startup_stm32f10x_hd.o(.text)
    SPI1_IRQHandler                          0x080001ef   Thumb Code     0  startup_stm32f10x_hd.o(.text)
    SPI2_IRQHandler                          0x080001ef   Thumb Code     0  startup_stm32f10x_hd.o(.text)
    SPI3_IRQHandler                          0x080001ef   Thumb Code     0  startup_stm32f10x_hd.o(.text)
    TAMPER_IRQHandler                        0x080001ef   Thumb Code     0  startup_stm32f10x_hd.o(.text)
    TIM1_BRK_IRQHandler                      0x080001ef   Thumb Code     0  startup_stm32f10x_hd.o(.text)
    TIM1_CC_IRQHandler                       0x080001ef   Thumb Code     0  startup_stm32f10x_hd.o(.text)
    TIM1_TRG_COM_IRQHandler                  0x080001ef   Thumb Code     0  startup_stm32f10x_hd.o(.text)
    TIM1_UP_IRQHandler                       0x080001ef   Thumb Code     0  startup_stm32f10x_hd.o(.text)
    TIM2_IRQHandler                          0x080001ef   Thumb Code     0  startup_stm32f10x_hd.o(.text)
    TIM4_IRQHandler                          0x080001ef   Thumb Code     0  startup_stm32f10x_hd.o(.text)
    TIM5_IRQHandler                          0x080001ef   Thumb Code     0  startup_stm32f10x_hd.o(.text)
    TIM6_IRQHandler                          0x080001ef   Thumb Code     0  startup_stm32f10x_hd.o(.text)
    TIM7_IRQHandler                          0x080001ef   Thumb Code     0  startup_stm32f10x_hd.o(.text)
    TIM8_BRK_IRQHandler                      0x080001ef   Thumb Code     0  startup_stm32f10x_hd.o(.text)
    TIM8_CC_IRQHandler                       0x080001ef   Thumb Code     0  startup_stm32f10x_hd.o(.text)
    TIM8_TRG_COM_IRQHandler                  0x080001ef   Thumb Code     0  startup_stm32f10x_hd.o(.text)
    TIM8_UP_IRQHandler                       0x080001ef   Thumb Code     0  startup_stm32f10x_hd.o(.text)
    UART4_IRQHandler                         0x080001ef   Thumb Code     0  startup_stm32f10x_hd.o(.text)
    UART5_IRQHandler                         0x080001ef   Thumb Code     0  startup_stm32f10x_hd.o(.text)
    USART3_IRQHandler                        0x080001ef   Thumb Code     0  startup_stm32f10x_hd.o(.text)
    USBWakeUp_IRQHandler                     0x080001ef   Thumb Code     0  startup_stm32f10x_hd.o(.text)
    USB_HP_CAN1_TX_IRQHandler                0x080001ef   Thumb Code     0  startup_stm32f10x_hd.o(.text)
    USB_LP_CAN1_RX0_IRQHandler               0x080001ef   Thumb Code     0  startup_stm32f10x_hd.o(.text)
    WWDG_IRQHandler                          0x080001ef   Thumb Code     0  startup_stm32f10x_hd.o(.text)
    __user_initial_stackheap                 0x080001f1   Thumb Code     0  startup_stm32f10x_hd.o(.text)
    main                                     0x08000215   Thumb Code    24  main.o(.text)
    NMI_Handler                              0x0800022d   Thumb Code     2  stm32f10x_it.o(.text)
    HardFault_Handler                        0x0800022f   Thumb Code     4  stm32f10x_it.o(.text)
    MemManage_Handler                        0x08000233   Thumb Code     4  stm32f10x_it.o(.text)
    BusFault_Handler                         0x08000237   Thumb Code     4  stm32f10x_it.o(.text)
    UsageFault_Handler                       0x0800023b   Thumb Code     4  stm32f10x_it.o(.text)
    SVC_Handler                              0x0800023f   Thumb Code     2  stm32f10x_it.o(.text)
    DebugMon_Handler                         0x08000241   Thumb Code     2  stm32f10x_it.o(.text)
    PendSV_Handler                           0x08000243   Thumb Code     2  stm32f10x_it.o(.text)
    SysTick_Handler                          0x08000245   Thumb Code     2  stm32f10x_it.o(.text)
    ByteToFloat                              0x08000247   Thumb Code     6  stm32f10x_it.o(.text)
    Int16_tToScreen                          0x0800024d   Thumb Code   192  stm32f10x_it.o(.text)
    TIM3_IRQHandler                          0x0800030d   Thumb Code   468  stm32f10x_it.o(.text)
    USART2_IRQHandler                        0x080004e1   Thumb Code   916  stm32f10x_it.o(.text)
    USART1_IRQHandler                        0x08000875   Thumb Code    58  stm32f10x_it.o(.text)
    USART1_Config                            0x0800090d   Thumb Code   298  usart1.o(.text)
    fputc                                    0x08000a37   Thumb Code    32  usart1.o(.text)
    USART1_printf                            0x08000ab9   Thumb Code   262  usart1.o(.text)
    param_load                               0x08000bcd   Thumb Code   110  pid.o(.text)
    PID                                      0x08000c3b   Thumb Code  1338  pid.o(.text)
    TIM3_Init                                0x080011a1   Thumb Code    76  time.o(.text)
    Nvic_Init                                0x080011ed   Thumb Code    42  time.o(.text)
    GPIO_DeInit                              0x0800121d   Thumb Code   188  stm32f10x_gpio.o(.text)
    GPIO_AFIODeInit                          0x080012d9   Thumb Code    20  stm32f10x_gpio.o(.text)
    GPIO_Init                                0x080012ed   Thumb Code   278  stm32f10x_gpio.o(.text)
    GPIO_StructInit                          0x08001403   Thumb Code    16  stm32f10x_gpio.o(.text)
    GPIO_ReadInputDataBit                    0x08001413   Thumb Code    18  stm32f10x_gpio.o(.text)
    GPIO_ReadInputData                       0x08001425   Thumb Code     8  stm32f10x_gpio.o(.text)
    GPIO_ReadOutputDataBit                   0x0800142d   Thumb Code    18  stm32f10x_gpio.o(.text)
    GPIO_ReadOutputData                      0x0800143f   Thumb Code     8  stm32f10x_gpio.o(.text)
    GPIO_SetBits                             0x08001447   Thumb Code     4  stm32f10x_gpio.o(.text)
    GPIO_ResetBits                           0x0800144b   Thumb Code     4  stm32f10x_gpio.o(.text)
    GPIO_WriteBit                            0x0800144f   Thumb Code    10  stm32f10x_gpio.o(.text)
    GPIO_Write                               0x08001459   Thumb Code     4  stm32f10x_gpio.o(.text)
    GPIO_PinLockConfig                       0x0800145d   Thumb Code    18  stm32f10x_gpio.o(.text)
    GPIO_EventOutputConfig                   0x0800146f   Thumb Code    26  stm32f10x_gpio.o(.text)
    GPIO_EventOutputCmd                      0x08001489   Thumb Code     6  stm32f10x_gpio.o(.text)
    GPIO_PinRemapConfig                      0x0800148f   Thumb Code   106  stm32f10x_gpio.o(.text)
    GPIO_EXTILineConfig                      0x080014f9   Thumb Code    66  stm32f10x_gpio.o(.text)
    RCC_DeInit                               0x0800154d   Thumb Code    62  stm32f10x_rcc.o(.text)
    RCC_HSEConfig                            0x0800158b   Thumb Code    70  stm32f10x_rcc.o(.text)
    RCC_GetFlagStatus                        0x080015d1   Thumb Code    56  stm32f10x_rcc.o(.text)
    RCC_WaitForHSEStartUp                    0x08001609   Thumb Code    54  stm32f10x_rcc.o(.text)
    RCC_AdjustHSICalibrationValue            0x0800163f   Thumb Code    20  stm32f10x_rcc.o(.text)
    RCC_HSICmd                               0x08001653   Thumb Code     6  stm32f10x_rcc.o(.text)
    RCC_PLLConfig                            0x08001659   Thumb Code    24  stm32f10x_rcc.o(.text)
    RCC_PLLCmd                               0x08001671   Thumb Code     6  stm32f10x_rcc.o(.text)
    RCC_SYSCLKConfig                         0x08001677   Thumb Code    18  stm32f10x_rcc.o(.text)
    RCC_GetSYSCLKSource                      0x08001689   Thumb Code    10  stm32f10x_rcc.o(.text)
    RCC_HCLKConfig                           0x08001693   Thumb Code    18  stm32f10x_rcc.o(.text)
    RCC_PCLK1Config                          0x080016a5   Thumb Code    18  stm32f10x_rcc.o(.text)
    RCC_PCLK2Config                          0x080016b7   Thumb Code    20  stm32f10x_rcc.o(.text)
    RCC_ITConfig                             0x080016cb   Thumb Code    26  stm32f10x_rcc.o(.text)
    RCC_USBCLKConfig                         0x080016e5   Thumb Code     8  stm32f10x_rcc.o(.text)
    RCC_ADCCLKConfig                         0x080016ed   Thumb Code    18  stm32f10x_rcc.o(.text)
    RCC_LSEConfig                            0x080016ff   Thumb Code    50  stm32f10x_rcc.o(.text)
    RCC_LSICmd                               0x08001731   Thumb Code     6  stm32f10x_rcc.o(.text)
    RCC_RTCCLKConfig                         0x08001737   Thumb Code    12  stm32f10x_rcc.o(.text)
    RCC_RTCCLKCmd                            0x08001743   Thumb Code     8  stm32f10x_rcc.o(.text)
    RCC_GetClocksFreq                        0x0800174b   Thumb Code   192  stm32f10x_rcc.o(.text)
    RCC_AHBPeriphClockCmd                    0x0800180b   Thumb Code    26  stm32f10x_rcc.o(.text)
    RCC_APB2PeriphClockCmd                   0x08001825   Thumb Code    26  stm32f10x_rcc.o(.text)
    RCC_APB1PeriphClockCmd                   0x0800183f   Thumb Code    26  stm32f10x_rcc.o(.text)
    RCC_APB2PeriphResetCmd                   0x08001859   Thumb Code    26  stm32f10x_rcc.o(.text)
    RCC_APB1PeriphResetCmd                   0x08001873   Thumb Code    26  stm32f10x_rcc.o(.text)
    RCC_BackupResetCmd                       0x0800188d   Thumb Code     8  stm32f10x_rcc.o(.text)
    RCC_ClockSecuritySystemCmd               0x08001895   Thumb Code     6  stm32f10x_rcc.o(.text)
    RCC_MCOConfig                            0x0800189b   Thumb Code     6  stm32f10x_rcc.o(.text)
    RCC_ClearFlag                            0x080018a1   Thumb Code    14  stm32f10x_rcc.o(.text)
    RCC_GetITStatus                          0x080018af   Thumb Code    20  stm32f10x_rcc.o(.text)
    RCC_ClearITPendingBit                    0x080018c3   Thumb Code     6  stm32f10x_rcc.o(.text)
    USART_DeInit                             0x080018ed   Thumb Code   146  stm32f10x_usart.o(.text)
    USART_Init                               0x0800197f   Thumb Code   150  stm32f10x_usart.o(.text)
    USART_StructInit                         0x08001a15   Thumb Code    24  stm32f10x_usart.o(.text)
    USART_ClockInit                          0x08001a2d   Thumb Code    34  stm32f10x_usart.o(.text)
    USART_ClockStructInit                    0x08001a4f   Thumb Code    12  stm32f10x_usart.o(.text)
    USART_Cmd                                0x08001a5b   Thumb Code    24  stm32f10x_usart.o(.text)
    USART_ITConfig                           0x08001a73   Thumb Code    64  stm32f10x_usart.o(.text)
    USART_DMACmd                             0x08001ab3   Thumb Code    18  stm32f10x_usart.o(.text)
    USART_SetAddress                         0x08001ac5   Thumb Code    18  stm32f10x_usart.o(.text)
    USART_WakeUpConfig                       0x08001ad7   Thumb Code    18  stm32f10x_usart.o(.text)
    USART_ReceiverWakeUpCmd                  0x08001ae9   Thumb Code    24  stm32f10x_usart.o(.text)
    USART_LINBreakDetectLengthConfig         0x08001b01   Thumb Code    18  stm32f10x_usart.o(.text)
    USART_LINCmd                             0x08001b13   Thumb Code    24  stm32f10x_usart.o(.text)
    USART_SendData                           0x08001b2b   Thumb Code     8  stm32f10x_usart.o(.text)
    USART_ReceiveData                        0x08001b33   Thumb Code    10  stm32f10x_usart.o(.text)
    USART_SendBreak                          0x08001b3d   Thumb Code    10  stm32f10x_usart.o(.text)
    USART_SetGuardTime                       0x08001b47   Thumb Code    16  stm32f10x_usart.o(.text)
    USART_SetPrescaler                       0x08001b57   Thumb Code    16  stm32f10x_usart.o(.text)
    USART_SmartCardCmd                       0x08001b67   Thumb Code    24  stm32f10x_usart.o(.text)
    USART_SmartCardNACKCmd                   0x08001b7f   Thumb Code    24  stm32f10x_usart.o(.text)
    USART_HalfDuplexCmd                      0x08001b97   Thumb Code    24  stm32f10x_usart.o(.text)
    USART_IrDAConfig                         0x08001baf   Thumb Code    18  stm32f10x_usart.o(.text)
    USART_IrDACmd                            0x08001bc1   Thumb Code    24  stm32f10x_usart.o(.text)
    USART_GetFlagStatus                      0x08001bd9   Thumb Code    18  stm32f10x_usart.o(.text)
    USART_ClearFlag                          0x08001beb   Thumb Code     6  stm32f10x_usart.o(.text)
    USART_GetITStatus                        0x08001bf1   Thumb Code    76  stm32f10x_usart.o(.text)
    USART_ClearITPendingBit                  0x08001c3d   Thumb Code    20  stm32f10x_usart.o(.text)
    NVIC_PriorityGroupConfig                 0x08001c5d   Thumb Code    10  misc.o(.text)
    NVIC_Init                                0x08001c67   Thumb Code   100  misc.o(.text)
    NVIC_SetVectorTable                      0x08001ccb   Thumb Code    14  misc.o(.text)
    NVIC_SystemLPConfig                      0x08001cd9   Thumb Code    34  misc.o(.text)
    SysTick_CLKSourceConfig                  0x08001cfb   Thumb Code    40  misc.o(.text)
    TIM_DeInit                               0x08001d39   Thumb Code   214  stm32f10x_tim.o(.text)
    TIM_TimeBaseInit                         0x08001e0f   Thumb Code    50  stm32f10x_tim.o(.text)
    TIM_OC1Init                              0x08001e41   Thumb Code   110  stm32f10x_tim.o(.text)
    TIM_OC2Init                              0x08001eaf   Thumb Code   148  stm32f10x_tim.o(.text)
    TIM_OC3Init                              0x08001f43   Thumb Code   144  stm32f10x_tim.o(.text)
    TIM_OC4Init                              0x08001fd3   Thumb Code   106  stm32f10x_tim.o(.text)
    TIM_SetIC4Prescaler                      0x0800203d   Thumb Code    26  stm32f10x_tim.o(.text)
    TIM_SetIC3Prescaler                      0x080020a9   Thumb Code    18  stm32f10x_tim.o(.text)
    TIM_SetIC2Prescaler                      0x08002103   Thumb Code    42  stm32f10x_tim.o(.text)
    TIM_SetIC1Prescaler                      0x0800217d   Thumb Code    18  stm32f10x_tim.o(.text)
    TIM_ICInit                               0x080021c7   Thumb Code   110  stm32f10x_tim.o(.text)
    TIM_PWMIConfig                           0x08002235   Thumb Code   124  stm32f10x_tim.o(.text)
    TIM_BDTRConfig                           0x080022b1   Thumb Code    32  stm32f10x_tim.o(.text)
    TIM_TimeBaseStructInit                   0x080022d1   Thumb Code    18  stm32f10x_tim.o(.text)
    TIM_OCStructInit                         0x080022e3   Thumb Code    20  stm32f10x_tim.o(.text)
    TIM_ICStructInit                         0x080022f7   Thumb Code    18  stm32f10x_tim.o(.text)
    TIM_BDTRStructInit                       0x08002309   Thumb Code    18  stm32f10x_tim.o(.text)
    TIM_Cmd                                  0x0800231b   Thumb Code    24  stm32f10x_tim.o(.text)
    TIM_CtrlPWMOutputs                       0x08002333   Thumb Code    30  stm32f10x_tim.o(.text)
    TIM_ITConfig                             0x08002351   Thumb Code    18  stm32f10x_tim.o(.text)
    TIM_GenerateEvent                        0x08002363   Thumb Code     4  stm32f10x_tim.o(.text)
    TIM_DMAConfig                            0x08002367   Thumb Code    10  stm32f10x_tim.o(.text)
    TIM_DMACmd                               0x08002371   Thumb Code    18  stm32f10x_tim.o(.text)
    TIM_InternalClockConfig                  0x08002383   Thumb Code    12  stm32f10x_tim.o(.text)
    TIM_SelectInputTrigger                   0x0800238f   Thumb Code    18  stm32f10x_tim.o(.text)
    TIM_ITRxExternalClockConfig              0x080023a1   Thumb Code    24  stm32f10x_tim.o(.text)
    TIM_TIxExternalClockConfig               0x080023b9   Thumb Code    62  stm32f10x_tim.o(.text)
    TIM_ETRConfig                            0x080023f7   Thumb Code    30  stm32f10x_tim.o(.text)
    TIM_ETRClockMode1Config                  0x08002415   Thumb Code    54  stm32f10x_tim.o(.text)
    TIM_ETRClockMode2Config                  0x0800244b   Thumb Code    32  stm32f10x_tim.o(.text)
    TIM_PrescalerConfig                      0x0800246b   Thumb Code     6  stm32f10x_tim.o(.text)
    TIM_CounterModeConfig                    0x08002471   Thumb Code    18  stm32f10x_tim.o(.text)
    TIM_EncoderInterfaceConfig               0x08002483   Thumb Code    66  stm32f10x_tim.o(.text)
    TIM_ForcedOC1Config                      0x080024c5   Thumb Code    18  stm32f10x_tim.o(.text)
    TIM_ForcedOC2Config                      0x080024d7   Thumb Code    26  stm32f10x_tim.o(.text)
    TIM_ForcedOC3Config                      0x080024f1   Thumb Code    18  stm32f10x_tim.o(.text)
    TIM_ForcedOC4Config                      0x08002503   Thumb Code    26  stm32f10x_tim.o(.text)
    TIM_ARRPreloadConfig                     0x0800251d   Thumb Code    24  stm32f10x_tim.o(.text)
    TIM_SelectCOM                            0x08002535   Thumb Code    24  stm32f10x_tim.o(.text)
    TIM_SelectCCDMA                          0x0800254d   Thumb Code    24  stm32f10x_tim.o(.text)
    TIM_CCPreloadControl                     0x08002565   Thumb Code    24  stm32f10x_tim.o(.text)
    TIM_OC1PreloadConfig                     0x0800257d   Thumb Code    18  stm32f10x_tim.o(.text)
    TIM_OC2PreloadConfig                     0x0800258f   Thumb Code    26  stm32f10x_tim.o(.text)
    TIM_OC3PreloadConfig                     0x080025a9   Thumb Code    18  stm32f10x_tim.o(.text)
    TIM_OC4PreloadConfig                     0x080025bb   Thumb Code    26  stm32f10x_tim.o(.text)
    TIM_OC1FastConfig                        0x080025d5   Thumb Code    18  stm32f10x_tim.o(.text)
    TIM_OC2FastConfig                        0x080025e7   Thumb Code    26  stm32f10x_tim.o(.text)
    TIM_OC3FastConfig                        0x08002601   Thumb Code    18  stm32f10x_tim.o(.text)
    TIM_OC4FastConfig                        0x08002613   Thumb Code    26  stm32f10x_tim.o(.text)
    TIM_ClearOC1Ref                          0x0800262d   Thumb Code    18  stm32f10x_tim.o(.text)
    TIM_ClearOC2Ref                          0x0800263f   Thumb Code    24  stm32f10x_tim.o(.text)
    TIM_ClearOC3Ref                          0x08002657   Thumb Code    18  stm32f10x_tim.o(.text)
    TIM_ClearOC4Ref                          0x08002669   Thumb Code    24  stm32f10x_tim.o(.text)
    TIM_OC1PolarityConfig                    0x08002681   Thumb Code    18  stm32f10x_tim.o(.text)
    TIM_OC1NPolarityConfig                   0x08002693   Thumb Code    18  stm32f10x_tim.o(.text)
    TIM_OC2PolarityConfig                    0x080026a5   Thumb Code    26  stm32f10x_tim.o(.text)
    TIM_OC2NPolarityConfig                   0x080026bf   Thumb Code    26  stm32f10x_tim.o(.text)
    TIM_OC3PolarityConfig                    0x080026d9   Thumb Code    26  stm32f10x_tim.o(.text)
    TIM_OC3NPolarityConfig                   0x080026f3   Thumb Code    26  stm32f10x_tim.o(.text)
    TIM_OC4PolarityConfig                    0x0800270d   Thumb Code    26  stm32f10x_tim.o(.text)
    TIM_CCxCmd                               0x08002727   Thumb Code    26  stm32f10x_tim.o(.text)
    TIM_CCxNCmd                              0x08002741   Thumb Code    26  stm32f10x_tim.o(.text)
    TIM_SelectOCxM                           0x0800275b   Thumb Code   134  stm32f10x_tim.o(.text)
    TIM_UpdateDisableConfig                  0x080027e1   Thumb Code    24  stm32f10x_tim.o(.text)
    TIM_UpdateRequestConfig                  0x080027f9   Thumb Code    24  stm32f10x_tim.o(.text)
    TIM_SelectHallSensor                     0x08002811   Thumb Code    24  stm32f10x_tim.o(.text)
    TIM_SelectOnePulseMode                   0x08002829   Thumb Code    18  stm32f10x_tim.o(.text)
    TIM_SelectOutputTrigger                  0x0800283b   Thumb Code    18  stm32f10x_tim.o(.text)
    TIM_SelectSlaveMode                      0x0800284d   Thumb Code    18  stm32f10x_tim.o(.text)
    TIM_SelectMasterSlaveMode                0x0800285f   Thumb Code    18  stm32f10x_tim.o(.text)
    TIM_SetCounter                           0x08002871   Thumb Code     4  stm32f10x_tim.o(.text)
    TIM_SetAutoreload                        0x08002875   Thumb Code     4  stm32f10x_tim.o(.text)
    TIM_SetCompare1                          0x08002879   Thumb Code     4  stm32f10x_tim.o(.text)
    TIM_SetCompare2                          0x0800287d   Thumb Code     4  stm32f10x_tim.o(.text)
    TIM_SetCompare3                          0x08002881   Thumb Code     4  stm32f10x_tim.o(.text)
    TIM_SetCompare4                          0x08002885   Thumb Code     6  stm32f10x_tim.o(.text)
    TIM_SetClockDivision                     0x0800288b   Thumb Code    14  stm32f10x_tim.o(.text)
    TIM_GetCapture1                          0x08002899   Thumb Code     6  stm32f10x_tim.o(.text)
    TIM_GetCapture2                          0x0800289f   Thumb Code     6  stm32f10x_tim.o(.text)
    TIM_GetCapture3                          0x080028a5   Thumb Code     6  stm32f10x_tim.o(.text)
    TIM_GetCapture4                          0x080028ab   Thumb Code     8  stm32f10x_tim.o(.text)
    TIM_GetCounter                           0x080028b3   Thumb Code     6  stm32f10x_tim.o(.text)
    TIM_GetPrescaler                         0x080028b9   Thumb Code     6  stm32f10x_tim.o(.text)
    TIM_GetFlagStatus                        0x080028bf   Thumb Code    18  stm32f10x_tim.o(.text)
    TIM_ClearFlag                            0x080028d1   Thumb Code     6  stm32f10x_tim.o(.text)
    TIM_GetITStatus                          0x080028d7   Thumb Code    34  stm32f10x_tim.o(.text)
    TIM_ClearITPendingBit                    0x080028f9   Thumb Code     6  stm32f10x_tim.o(.text)
    SystemInit                               0x080029e5   Thumb Code    68  system_stm32f10x.o(.text)
    __use_two_region_memory                  0x08002a39   Thumb Code     2  heapauxi.o(.text)
    __rt_heap_escrow$2region                 0x08002a3b   Thumb Code     2  heapauxi.o(.text)
    __rt_heap_expand$2region                 0x08002a3d   Thumb Code     2  heapauxi.o(.text)
    __user_setup_stackheap                   0x08002a3f   Thumb Code    74  sys_stackheap_outer.o(.text)
    exit                                     0x08002a89   Thumb Code    12  exit.o(.text)
    __user_libspace                          0x08002a95   Thumb Code     8  libspace.o(.text)
    __user_perproc_libspace                  0x08002a95   Thumb Code     0  libspace.o(.text)
    __user_perthread_libspace                0x08002a95   Thumb Code     0  libspace.o(.text)
    _sys_exit                                0x08002a9d   Thumb Code     8  sys_exit.o(.text)
    __I$use$semihosting                      0x08002aa9   Thumb Code     0  use_no_semi.o(.text)
    __use_no_semihosting_swi                 0x08002aa9   Thumb Code     2  use_no_semi.o(.text)
    __semihosting_library_function           0x08002aab   Thumb Code     0  indicate_semi.o(.text)
    __aeabi_d2f                              0x08002aad   Thumb Code     0  d2f.o(x$fpl$d2f)
    _d2f                                     0x08002aad   Thumb Code    98  d2f.o(x$fpl$d2f)
    __aeabi_dadd                             0x08002b11   Thumb Code     0  daddsub_clz.o(x$fpl$dadd)
    _dadd                                    0x08002b11   Thumb Code   332  daddsub_clz.o(x$fpl$dadd)
    __fpl_dcmp_Inf                           0x08002c61   Thumb Code    24  dcmpi.o(x$fpl$dcmpinf)
    __aeabi_cdcmple                          0x08002c79   Thumb Code     0  dleqf.o(x$fpl$dleqf)
    _dcmple                                  0x08002c79   Thumb Code   120  dleqf.o(x$fpl$dleqf)
    __fpl_dcmple_InfNaN                      0x08002cdb   Thumb Code     0  dleqf.o(x$fpl$dleqf)
    __fpl_dnaninf                            0x08002cf1   Thumb Code   156  dnaninf.o(x$fpl$dnaninf)
    __fpl_dretinf                            0x08002d8d   Thumb Code    12  dretinf.o(x$fpl$dretinf)
    __aeabi_cdrcmple                         0x08002d99   Thumb Code     0  drleqf.o(x$fpl$drleqf)
    _drcmple                                 0x08002d99   Thumb Code   108  drleqf.o(x$fpl$drleqf)
    __aeabi_dsub                             0x08002e05   Thumb Code     0  daddsub_clz.o(x$fpl$dsub)
    _dsub                                    0x08002e05   Thumb Code   464  daddsub_clz.o(x$fpl$dsub)
    __aeabi_f2d                              0x08002fd9   Thumb Code     0  f2d.o(x$fpl$f2d)
    _f2d                                     0x08002fd9   Thumb Code    86  f2d.o(x$fpl$f2d)
    __aeabi_fadd                             0x08003031   Thumb Code     0  faddsub_clz.o(x$fpl$fadd)
    _fadd                                    0x08003031   Thumb Code   196  faddsub_clz.o(x$fpl$fadd)
    __fpl_fcmp_Inf                           0x080030f5   Thumb Code    24  fcmpi.o(x$fpl$fcmpinf)
    __aeabi_fdiv                             0x0800310d   Thumb Code     0  fdiv.o(x$fpl$fdiv)
    _fdiv                                    0x0800310d   Thumb Code   384  fdiv.o(x$fpl$fdiv)
    __aeabi_f2iz                             0x08003291   Thumb Code     0  ffix.o(x$fpl$ffix)
    _ffix                                    0x08003291   Thumb Code    54  ffix.o(x$fpl$ffix)
    __aeabi_f2uiz                            0x080032c9   Thumb Code     0  ffixu.o(x$fpl$ffixu)
    _ffixu                                   0x080032c9   Thumb Code    62  ffixu.o(x$fpl$ffixu)
    __aeabi_cfcmple                          0x08003309   Thumb Code     0  fleqf.o(x$fpl$fleqf)
    _fcmple                                  0x08003309   Thumb Code   104  fleqf.o(x$fpl$fleqf)
    __fpl_fcmple_InfNaN                      0x0800335b   Thumb Code     0  fleqf.o(x$fpl$fleqf)
    __aeabi_fmul                             0x08003371   Thumb Code     0  fmul.o(x$fpl$fmul)
    _fmul                                    0x08003371   Thumb Code   258  fmul.o(x$fpl$fmul)
    __fpl_fnaninf                            0x08003473   Thumb Code   140  fnaninf.o(x$fpl$fnaninf)
    __fpl_fretinf                            0x080034ff   Thumb Code    10  fretinf.o(x$fpl$fretinf)
    __aeabi_cfrcmple                         0x08003509   Thumb Code     0  frleqf.o(x$fpl$frleqf)
    _frcmple                                 0x08003509   Thumb Code    98  frleqf.o(x$fpl$frleqf)
    __aeabi_frsub                            0x0800356b   Thumb Code     0  faddsub_clz.o(x$fpl$frsb)
    _frsb                                    0x0800356b   Thumb Code    20  faddsub_clz.o(x$fpl$frsb)
    __aeabi_fsub                             0x08003581   Thumb Code     0  faddsub_clz.o(x$fpl$fsub)
    _fsub                                    0x08003581   Thumb Code   234  faddsub_clz.o(x$fpl$fsub)
    __I$use$fp                               0x0800366a   Number         0  usenofp.o(x$fpl$usenofp)
    Region$$Table$$Base                      0x0800366c   Number         0  anon$$obj.o(Region$$Table)
    Region$$Table$$Limit                     0x0800368c   Number         0  anon$$obj.o(Region$$Table)
    flow_comp_x1                             0x20000000   Data           7  main.o(.data)
    flow_comp_y1                             0x20000007   Data           7  main.o(.data)
    flow_height1                             0x2000000e   Data           7  main.o(.data)
    comp_x                                   0x20000018   Data           4  main.o(.data)
    comp_y                                   0x2000001c   Data           4  main.o(.data)
    height                                   0x20000020   Data           4  main.o(.data)
    flowx                                    0x20000024   Data           4  main.o(.data)
    flowy                                    0x20000028   Data           4  main.o(.data)
    height_expect                            0x2000002c   Data           4  main.o(.data)
    height_adjust                            0x20000030   Data           4  main.o(.data)
    sentDateFlag                             0x20000038   Data           1  stm32f10x_it.o(.data)
    jingdu_send                              0x2000003c   Data           4  stm32f10x_it.o(.data)
    weidu_send                               0x20000040   Data           4  stm32f10x_it.o(.data)
    time_old                                 0x20000048   Data           8  stm32f10x_it.o(.data)
    FLOW_STATE                               0x20000050   Data           4  stm32f10x_it.o(.data)
    yaw                                      0x20000054   Data           4  stm32f10x_it.o(.data)
    yaw1                                     0x20000058   Data           1  stm32f10x_it.o(.data)
    state                                    0x2000005c   Data           4  stm32f10x_it.o(.data)
    flow_x1                                  0x20000060   Data           7  stm32f10x_it.o(.data)
    flow_y1                                  0x20000067   Data           7  stm32f10x_it.o(.data)
    quality1                                 0x2000006e   Data           7  stm32f10x_it.o(.data)
    id1                                      0x20000075   Data           7  stm32f10x_it.o(.data)
    com_data                                 0x2000007c   Data           1  stm32f10x_it.o(.data)
    get_one_fame                             0x2000007f   Data           1  stm32f10x_it.o(.data)
    floattobyte                              0x20000080   Data           4  stm32f10x_it.o(.data)
    flow_filter_x_sum                        0x20000084   Data           4  stm32f10x_it.o(.data)
    flow_filter_y_sum                        0x20000088   Data           4  stm32f10x_it.o(.data)
    sum_cnt                                  0x2000008c   Data           4  stm32f10x_it.o(.data)
    filter_cnt                               0x20000090   Data           4  stm32f10x_it.o(.data)
    mode                                     0x20000094   Data           4  stm32f10x_it.o(.data)
    x_move                                   0x20000098   Data           4  stm32f10x_it.o(.data)
    y_move                                   0x2000009c   Data           4  stm32f10x_it.o(.data)
    x_speed                                  0x200000a0   Data           4  stm32f10x_it.o(.data)
    y_speed                                  0x200000a4   Data           4  stm32f10x_it.o(.data)
    jishu                                    0x200000ac   Data           4  pid.o(.data)
    flow_cnt                                 0x200000b0   Data           4  pid.o(.data)
    jiangluo                                 0x200000b4   Data           4  pid.o(.data)
    gaodu1                                   0x200000b8   Data           4  pid.o(.data)
    gaodu2                                   0x200000bc   Data           4  pid.o(.data)
    x_sudu1                                  0x200000c0   Data           4  pid.o(.data)
    x_sudu2                                  0x200000c4   Data           4  pid.o(.data)
    y_sudu1                                  0x200000c8   Data           4  pid.o(.data)
    y_sudu2                                  0x200000cc   Data           4  pid.o(.data)
    x_sudu                                   0x200000d0   Data           4  pid.o(.data)
    y_sudu                                   0x200000d4   Data           4  pid.o(.data)
    x_sum                                    0x200000d8   Data           4  pid.o(.data)
    y_sum                                    0x200000dc   Data           4  pid.o(.data)
    high_stable                              0x200000e0   Data           4  pid.o(.data)
    i_flag                                   0x200000e4   Data           4  pid.o(.data)
    land                                     0x200000e8   Data           4  pid.o(.data)
    youmen                                   0x200000ec   Data           2  pid.o(.data)
    henggun                                  0x200000ee   Data           2  pid.o(.data)
    fuyang                                   0x200000f0   Data           2  pid.o(.data)
    pianhang                                 0x200000f2   Data           2  pid.o(.data)
    fuyang_shell                             0x200000f4   Data           4  pid.o(.data)
    henggun_shell                            0x200000f8   Data           4  pid.o(.data)
    stable_cnt                               0x200000fc   Data           4  pid.o(.data)
    land_cnt                                 0x20000100   Data           4  pid.o(.data)
    flow_buf                                 0x20000118   Data          30  stm32f10x_it.o(.bss)
    flow                                     0x20000138   Data          32  stm32f10x_it.o(.bss)
    flow_filter_x                            0x20000158   Data          20  stm32f10x_it.o(.bss)
    flow_filter_y                            0x2000016c   Data          20  stm32f10x_it.o(.bss)
    high                                     0x20000180   Data          16  pid.o(.bss)
    x                                        0x20000190   Data          16  pid.o(.bss)
    y                                        0x200001a0   Data          16  pid.o(.bss)
    xv                                       0x200001b0   Data          16  pid.o(.bss)
    yv                                       0x200001c0   Data          16  pid.o(.bss)
    Kp                                       0x200001d0   Data          20  pid.o(.bss)
    Ki                                       0x200001e4   Data          20  pid.o(.bss)
    Kd                                       0x200001f8   Data          20  pid.o(.bss)
    __libspace_start                         0x2000020c   Data          96  libspace.o(.bss)
    __temporary_stack_top$libspace           0x2000026c   Data           0  libspace.o(.bss)



==============================================================================

Memory Map of the image

  Image Entry point : 0x080001cf

  Load Region LR_1 (Base: 0x08000000, Size: 0x000037a4, Max: 0xffffffff, ABSOLUTE)

    Execution Region ER_RO (Base: 0x08000000, Size: 0x0000368c, Max: 0xffffffff, ABSOLUTE)

    Base Addr    Size         Type   Attr      Idx    E Section Name        Object

    0x08000000   0x00000130   Data   RO            3    RESET               startup_stm32f10x_hd.o
    0x08000130   0x00000008   Code   RO          231  * !!!main             c_w.l(__main.o)
    0x08000138   0x00000034   Code   RO          436    !!!scatter          c_w.l(__scatter.o)
    0x0800016c   0x0000001a   Code   RO          438    !!handler_copy      c_w.l(__scatter_copy.o)
    0x08000186   0x00000002   PAD
    0x08000188   0x0000001c   Code   RO          440    !!handler_zi        c_w.l(__scatter_zi.o)
    0x080001a4   0x00000002   Code   RO          309    .ARM.Collect$$libinit$$00000000  c_w.l(libinit.o)
    0x080001a6   0x00000000   Code   RO          316    .ARM.Collect$$libinit$$00000002  c_w.l(libinit2.o)
    0x080001a6   0x00000000   Code   RO          319    .ARM.Collect$$libinit$$00000008  c_w.l(libinit2.o)
    0x080001a6   0x00000000   Code   RO          321    .ARM.Collect$$libinit$$0000000A  c_w.l(libinit2.o)
    0x080001a6   0x00000000   Code   RO          323    .ARM.Collect$$libinit$$0000000C  c_w.l(libinit2.o)
    0x080001a6   0x00000000   Code   RO          326    .ARM.Collect$$libinit$$0000000F  c_w.l(libinit2.o)
    0x080001a6   0x00000000   Code   RO          328    .ARM.Collect$$libinit$$00000011  c_w.l(libinit2.o)
    0x080001a6   0x00000000   Code   RO          330    .ARM.Collect$$libinit$$00000013  c_w.l(libinit2.o)
    0x080001a6   0x00000000   Code   RO          332    .ARM.Collect$$libinit$$00000015  c_w.l(libinit2.o)
    0x080001a6   0x00000000   Code   RO          334    .ARM.Collect$$libinit$$00000017  c_w.l(libinit2.o)
    0x080001a6   0x00000000   Code   RO          336    .ARM.Collect$$libinit$$00000019  c_w.l(libinit2.o)
    0x080001a6   0x00000000   Code   RO          338    .ARM.Collect$$libinit$$0000001B  c_w.l(libinit2.o)
    0x080001a6   0x00000000   Code   RO          340    .ARM.Collect$$libinit$$0000001D  c_w.l(libinit2.o)
    0x080001a6   0x00000000   Code   RO          342    .ARM.Collect$$libinit$$0000001F  c_w.l(libinit2.o)
    0x080001a6   0x00000000   Code   RO          344    .ARM.Collect$$libinit$$00000021  c_w.l(libinit2.o)
    0x080001a6   0x00000000   Code   RO          346    .ARM.Collect$$libinit$$00000023  c_w.l(libinit2.o)
    0x080001a6   0x00000000   Code   RO          350    .ARM.Collect$$libinit$$0000002A  c_w.l(libinit2.o)
    0x080001a6   0x00000000   Code   RO          352    .ARM.Collect$$libinit$$0000002C  c_w.l(libinit2.o)
    0x080001a6   0x00000000   Code   RO          354    .ARM.Collect$$libinit$$0000002E  c_w.l(libinit2.o)
    0x080001a6   0x00000000   Code   RO          356    .ARM.Collect$$libinit$$00000030  c_w.l(libinit2.o)
    0x080001a6   0x00000002   Code   RO          357    .ARM.Collect$$libinit$$00000031  c_w.l(libinit2.o)
    0x080001a8   0x00000002   Code   RO          377    .ARM.Collect$$libshutdown$$00000000  c_w.l(libshutdown.o)
    0x080001aa   0x00000000   Code   RO          391    .ARM.Collect$$libshutdown$$00000003  c_w.l(libshutdown2.o)
    0x080001aa   0x00000000   Code   RO          394    .ARM.Collect$$libshutdown$$00000006  c_w.l(libshutdown2.o)
    0x080001aa   0x00000000   Code   RO          397    .ARM.Collect$$libshutdown$$00000009  c_w.l(libshutdown2.o)
    0x080001aa   0x00000000   Code   RO          399    .ARM.Collect$$libshutdown$$0000000B  c_w.l(libshutdown2.o)
    0x080001aa   0x00000000   Code   RO          402    .ARM.Collect$$libshutdown$$0000000E  c_w.l(libshutdown2.o)
    0x080001aa   0x00000002   Code   RO          403    .ARM.Collect$$libshutdown$$0000000F  c_w.l(libshutdown2.o)
    0x080001ac   0x00000000   Code   RO          271    .ARM.Collect$$rtentry$$00000000  c_w.l(rtentry.o)
    0x080001ac   0x00000000   Code   RO          286    .ARM.Collect$$rtentry$$00000002  c_w.l(rtentry2.o)
    0x080001ac   0x00000006   Code   RO          298    .ARM.Collect$$rtentry$$00000004  c_w.l(rtentry4.o)
    0x080001b2   0x00000000   Code   RO          288    .ARM.Collect$$rtentry$$00000009  c_w.l(rtentry2.o)
    0x080001b2   0x00000004   Code   RO          289    .ARM.Collect$$rtentry$$0000000A  c_w.l(rtentry2.o)
    0x080001b6   0x00000000   Code   RO          291    .ARM.Collect$$rtentry$$0000000C  c_w.l(rtentry2.o)
    0x080001b6   0x00000008   Code   RO          292    .ARM.Collect$$rtentry$$0000000D  c_w.l(rtentry2.o)
    0x080001be   0x00000002   Code   RO          313    .ARM.Collect$$rtexit$$00000000  c_w.l(rtexit.o)
    0x080001c0   0x00000000   Code   RO          359    .ARM.Collect$$rtexit$$00000002  c_w.l(rtexit2.o)
    0x080001c0   0x00000004   Code   RO          360    .ARM.Collect$$rtexit$$00000003  c_w.l(rtexit2.o)
    0x080001c4   0x00000006   Code   RO          361    .ARM.Collect$$rtexit$$00000004  c_w.l(rtexit2.o)
    0x080001ca   0x00000002   PAD
    0x080001cc   0x00000048   Code   RO            4  * .text               startup_stm32f10x_hd.o
    0x08000214   0x00000018   Code   RO           10    .text               main.o
    0x0800022c   0x000006e0   Code   RO           68    .text               stm32f10x_it.o
    0x0800090c   0x000002c0   Code   RO           89    .text               usart1.o
    0x08000bcc   0x000005d4   Code   RO          108    .text               pid.o
    0x080011a0   0x0000007c   Code   RO          125    .text               time.o
    0x0800121c   0x00000330   Code   RO          137    .text               stm32f10x_gpio.o
    0x0800154c   0x000003a0   Code   RO          149    .text               stm32f10x_rcc.o
    0x080018ec   0x00000370   Code   RO          163    .text               stm32f10x_usart.o
    0x08001c5c   0x000000dc   Code   RO          175    .text               misc.o
    0x08001d38   0x00000bc6   Code   RO          187    .text               stm32f10x_tim.o
    0x080028fe   0x00000002   PAD
    0x08002900   0x00000138   Code   RO          209    .text               system_stm32f10x.o
    0x08002a38   0x00000006   Code   RO          229    .text               c_w.l(heapauxi.o)
    0x08002a3e   0x0000004a   Code   RO          300    .text               c_w.l(sys_stackheap_outer.o)
    0x08002a88   0x0000000c   Code   RO          302    .text               c_w.l(exit.o)
    0x08002a94   0x00000008   Code   RO          310    .text               c_w.l(libspace.o)
    0x08002a9c   0x0000000c   Code   RO          369    .text               c_w.l(sys_exit.o)
    0x08002aa8   0x00000002   Code   RO          380    .text               c_w.l(use_no_semi.o)
    0x08002aaa   0x00000000   Code   RO          382    .text               c_w.l(indicate_semi.o)
    0x08002aaa   0x00000002   PAD
    0x08002aac   0x00000062   Code   RO          233    x$fpl$d2f           fz_ws.l(d2f.o)
    0x08002b0e   0x00000002   PAD
    0x08002b10   0x00000150   Code   RO          235    x$fpl$dadd          fz_ws.l(daddsub_clz.o)
    0x08002c60   0x00000018   Code   RO          272    x$fpl$dcmpinf       fz_ws.l(dcmpi.o)
    0x08002c78   0x00000078   Code   RO          241    x$fpl$dleqf         fz_ws.l(dleqf.o)
    0x08002cf0   0x0000009c   Code   RO          274    x$fpl$dnaninf       fz_ws.l(dnaninf.o)
    0x08002d8c   0x0000000c   Code   RO          276    x$fpl$dretinf       fz_ws.l(dretinf.o)
    0x08002d98   0x0000006c   Code   RO          243    x$fpl$drleqf        fz_ws.l(drleqf.o)
    0x08002e04   0x000001d4   Code   RO          237    x$fpl$dsub          fz_ws.l(daddsub_clz.o)
    0x08002fd8   0x00000056   Code   RO          245    x$fpl$f2d           fz_ws.l(f2d.o)
    0x0800302e   0x00000002   PAD
    0x08003030   0x000000c4   Code   RO          247    x$fpl$fadd          fz_ws.l(faddsub_clz.o)
    0x080030f4   0x00000018   Code   RO          278    x$fpl$fcmpinf       fz_ws.l(fcmpi.o)
    0x0800310c   0x00000184   Code   RO          254    x$fpl$fdiv          fz_ws.l(fdiv.o)
    0x08003290   0x00000036   Code   RO          257    x$fpl$ffix          fz_ws.l(ffix.o)
    0x080032c6   0x00000002   PAD
    0x080032c8   0x0000003e   Code   RO          261    x$fpl$ffixu         fz_ws.l(ffixu.o)
    0x08003306   0x00000002   PAD
    0x08003308   0x00000068   Code   RO          265    x$fpl$fleqf         fz_ws.l(fleqf.o)
    0x08003370   0x00000102   Code   RO          267    x$fpl$fmul          fz_ws.l(fmul.o)
    0x08003472   0x0000008c   Code   RO          280    x$fpl$fnaninf       fz_ws.l(fnaninf.o)
    0x080034fe   0x0000000a   Code   RO          282    x$fpl$fretinf       fz_ws.l(fretinf.o)
    0x08003508   0x00000062   Code   RO          269    x$fpl$frleqf        fz_ws.l(frleqf.o)
    0x0800356a   0x00000014   Code   RO          248    x$fpl$frsb          fz_ws.l(faddsub_clz.o)
    0x0800357e   0x00000002   PAD
    0x08003580   0x000000ea   Code   RO          249    x$fpl$fsub          fz_ws.l(faddsub_clz.o)
    0x0800366a   0x00000000   Code   RO          284    x$fpl$usenofp       fz_ws.l(usenofp.o)
    0x0800366a   0x00000002   PAD
    0x0800366c   0x00000020   Data   RO          434    Region$$Table       anon$$obj.o


    Execution Region ER_RW (Base: 0x20000000, Size: 0x00000118, Max: 0xffffffff, ABSOLUTE)

    Base Addr    Size         Type   Attr      Idx    E Section Name        Object

    0x20000000   0x00000034   Data   RW           11    .data               main.o
    0x20000034   0x00000004   PAD
    0x20000038   0x00000074   Data   RW           70    .data               stm32f10x_it.o
    0x200000ac   0x00000058   Data   RW          110    .data               pid.o
    0x20000104   0x00000014   Data   RW          150    .data               stm32f10x_rcc.o


    Execution Region ER_ZI (Base: 0x20000118, Size: 0x00000358, Max: 0xffffffff, ABSOLUTE)

    Base Addr    Size         Type   Attr      Idx    E Section Name        Object

    0x20000118   0x00000068   Zero   RW           69    .bss                stm32f10x_it.o
    0x20000180   0x0000008c   Zero   RW          109    .bss                pid.o
    0x2000020c   0x00000060   Zero   RW          311    .bss                c_w.l(libspace.o)
    0x2000026c   0x00000004   PAD
    0x20000270   0x00000000   Zero   RW            2    HEAP                startup_stm32f10x_hd.o
    0x20000270   0x00000200   Zero   RW            1    STACK               startup_stm32f10x_hd.o


==============================================================================

Image component sizes


      Code (inc. data)   RO Data    RW Data    ZI Data      Debug   Object Name

        24          0          0         52          0     250885   main.o
       220         22          0          0          0       1797   misc.o
      1492        204          0         88        140       3164   pid.o
        72         26        304          0        512        892   startup_stm32f10x_hd.o
       816         18          0          0          0       5167   stm32f10x_gpio.o
      1760        176          0        116        104       5745   stm32f10x_it.o
       928         36          0         20          0       8828   stm32f10x_rcc.o
      3014         16          0          0          0      23872   stm32f10x_tim.o
       880         12          0          0          0       7783   stm32f10x_usart.o
       312         16          0          0          0       1229   system_stm32f10x.o
       124          6          0          0          0        654   time.o
       704         14          0          0          0       4080   usart1.o

    ----------------------------------------------------------------------
     10348        546        336        280        756     314096   Object Totals
         0          0         32          0          0          0   (incl. Generated)
         2          0          0          4          0          0   (incl. Padding)

    ----------------------------------------------------------------------

      Code (inc. data)   RO Data    RW Data    ZI Data      Debug   Library Member Name

         8          0          0          0          0         68   __main.o
        52          8          0          0          0          0   __scatter.o
        26          0          0          0          0          0   __scatter_copy.o
        28          0          0          0          0          0   __scatter_zi.o
        12          0          0          0          0         72   exit.o
         6          0          0          0          0        152   heapauxi.o
         0          0          0          0          0          0   indicate_semi.o
         2          0          0          0          0          0   libinit.o
         2          0          0          0          0          0   libinit2.o
         2          0          0          0          0          0   libshutdown.o
         2          0          0          0          0          0   libshutdown2.o
         8          4          0          0         96         68   libspace.o
         0          0          0          0          0          0   rtentry.o
        12          0          0          0          0          0   rtentry2.o
         6          0          0          0          0          0   rtentry4.o
         2          0          0          0          0          0   rtexit.o
        10          0          0          0          0          0   rtexit2.o
        12          4          0          0          0         68   sys_exit.o
        74          0          0          0          0         80   sys_stackheap_outer.o
         2          0          0          0          0         68   use_no_semi.o
        98          4          0          0          0         92   d2f.o
       804         16          0          0          0        272   daddsub_clz.o
        24          0          0          0          0         68   dcmpi.o
       120          4          0          0          0         92   dleqf.o
       156          4          0          0          0         92   dnaninf.o
        12          0          0          0          0         68   dretinf.o
       108          0          0          0          0         80   drleqf.o
        86          4          0          0          0         84   f2d.o
       450          8          0          0          0        236   faddsub_clz.o
        24          0          0          0          0         68   fcmpi.o
       388         76          0          0          0         96   fdiv.o
        54          4          0          0          0         84   ffix.o
        62          4          0          0          0         84   ffixu.o
       104          4          0          0          0         84   fleqf.o
       258          4          0          0          0         84   fmul.o
       140          4          0          0          0         84   fnaninf.o
        10          0          0          0          0         68   fretinf.o
        98          0          0          0          0         68   frleqf.o
         0          0          0          0          0          0   usenofp.o

    ----------------------------------------------------------------------
      3280        152          0          0        100       2380   Library Totals
        18          0          0          0          4          0   (incl. Padding)

    ----------------------------------------------------------------------

      Code (inc. data)   RO Data    RW Data    ZI Data      Debug   Library Name

       266         16          0          0         96        576   c_w.l
      2996        136          0          0          0       1804   fz_ws.l

    ----------------------------------------------------------------------
      3280        152          0          0        100       2380   Library Totals

    ----------------------------------------------------------------------

==============================================================================


      Code (inc. data)   RO Data    RW Data    ZI Data      Debug   

     13628        698        336        280        856     314236   Grand Totals
     13628        698        336        280        856     314236   ELF Image Totals
     13628        698        336        280          0          0   ROM Totals

==============================================================================

    Total RO  Size (Code + RO Data)                13964 (  13.64kB)
    Total RW  Size (RW Data + ZI Data)              1136 (   1.11kB)
    Total ROM Size (Code + RO Data + RW Data)      14244 (  13.91kB)

==============================================================================

